******************************************************************************
                  MSP430 Linker PC v16.9.6                     
******************************************************************************
>> Linked Sun Nov 26 13:27:27 2017

OUTPUT FILE NAME:   <MSPFuelGauge.out>
ENTRY POINT SYMBOL: "_c_int00_noargs_noexit"  address: 0000c900


MEMORY CONFIGURATION

         name            origin    length      used     unused   attr    fill
----------------------  --------  ---------  --------  --------  ----  --------
  SFR                   00000000   00000010  00000000  00000010  RWIX
  PERIPHERALS_8BIT      00000010   000000f0  00000000  000000f0  RWIX
  PERIPHERALS_16BIT     00000100   00000100  00000000  00000100  RWIX
  RAM                   00000200   00000200  0000007c  00000184  RWIX
  INFOD                 00001000   00000040  00000000  00000040  RWIX
  INFOC                 00001040   00000040  00000000  00000040  RWIX
  INFOB                 00001080   00000040  00000000  00000040  RWIX
  INFOA                 000010c0   00000040  00000000  00000040  RWIX
  FLASH                 0000c000   00003fde  00000a56  00003588  RWIX
  BSLSIGNATURE          0000ffde   00000002  00000002  00000000  RWIX  ffff 
  INT00                 0000ffe0   00000002  00000002  00000000  RWIX
  INT01                 0000ffe2   00000002  00000000  00000002  RWIX
  INT02                 0000ffe4   00000002  00000002  00000000  RWIX
  INT03                 0000ffe6   00000002  00000002  00000000  RWIX
  INT04                 0000ffe8   00000002  00000000  00000002  RWIX
  INT05                 0000ffea   00000002  00000002  00000000  RWIX
  INT06                 0000ffec   00000002  00000002  00000000  RWIX
  INT07                 0000ffee   00000002  00000002  00000000  RWIX
  INT08                 0000fff0   00000002  00000002  00000000  RWIX
  INT09                 0000fff2   00000002  00000002  00000000  RWIX
  INT10                 0000fff4   00000002  00000002  00000000  RWIX
  INT11                 0000fff6   00000002  00000002  00000000  RWIX
  INT12                 0000fff8   00000002  00000002  00000000  RWIX
  INT13                 0000fffa   00000002  00000002  00000000  RWIX
  INT14                 0000fffc   00000002  00000002  00000000  RWIX
  RESET                 0000fffe   00000002  00000002  00000000  RWIX


SECTION ALLOCATION MAP

 output                                  attributes/
section   page    origin      length       input sections
--------  ----  ----------  ----------   ----------------
.data      0    00000200    00000026     UNINITIALIZED
                  00000200    0000000b     mujoe_i2cRegMap.obj (.data:mspfgRegMap)
                  0000020b    00000001     --HOLE--
                  0000020c    0000000b     mujoe_i2cSlave.obj (.data:rxBuffer)
                  00000217    00000001     --HOLE--
                  00000218    00000008     mujoe_i2cSlave.obj (.data:i2cSlaveIsr)
                  00000220    00000004     mujoe_i2cSlave.obj (.data)
                  00000224    00000002     CTS_Layer.obj (.data)

.bss       0    00000226    00000006     UNINITIALIZED
                  00000226    00000002     (.common:baseCnt)
                  00000228    00000002     (.common:dCnt)
                  0000022a    00000002     (.common:measCnt)

.stack     0    000003b0    00000050     UNINITIALIZED
                  000003b0    00000002     rts430_eabi.lib : boot.obj (.stack)
                  000003b2    0000004e     --HOLE--

.text      0    0000c000    00000a14     
                  0000c000    0000040c     CTS_Layer.obj (.text:TI_CAPT_Custom)
                  0000c40c    00000128     CTS_HAL.obj (.text:TI_CTS_RO_PINOSC_TA0_WDTp_HAL)
                  0000c534    000000d6     mujoe_common.obj (.text:mujoeCommon_configClocks)
                  0000c60a    0000007c     rts430_eabi.lib : copy_decompress_lzss.obj (.text:decompress:lzss:__TI_decompress_lzss)
                  0000c686    0000006e                     : autoinit.obj (.text:_auto_init)
                  0000c6f4    00000062     CTS_Layer.obj (.text:TI_CAPT_Update_Baseline)
                  0000c756    0000005e     mujoe_i2cSlave.obj (.text:USCIAB0TX_ISR)
                  0000c7b4    0000005a     rts430_eabi.lib : cpy_tbl.obj (.text:copy_in)
                  0000c80e    0000004c                     : lsr16.obj (.text)
                  0000c85a    0000003c     mujoe_i2cSlave.obj (.text:USCIAB0RX_ISR)
                  0000c896    0000002c     rts430_eabi.lib : lsl16.obj (.text)
                  0000c8c2    00000022     main.obj (.text:initBoard)
                  0000c8e4    0000001c     main.obj (.text:sleep)
                  0000c900    0000001a     rts430_eabi.lib : boot_special.obj (.text:_c_int00_noargs_noexit)
                  0000c91a    00000018     main.obj (.text:runCapMeasurement)
                  0000c932    00000016     main.obj (.text:initCapMeasurement)
                  0000c948    00000014     main.obj (.text:ISR_Timer0_A0)
                  0000c95c    00000014     rts430_eabi.lib : copy_zero_init.obj (.text:decompress:ZI:__TI_zero_init)
                  0000c970    00000014     main.obj (.text:main)
                  0000c984    00000014     rts430_eabi.lib : mult16.obj (.text)
                  0000c998    00000012                     : copy_decompress_none.obj (.text:decompress:none:__TI_decompress_none)
                  0000c9aa    00000012                     : memcpy.obj (.text:memcpy)
                  0000c9bc    00000010     CTS_Layer.obj (.text:TI_CAPT_Init_Baseline)
                  0000c9cc    00000010     rts430_eabi.lib : epilog.obj (.text)
                  0000c9dc    0000000e     CTS_Layer.obj (.text:TI_CAPT_Raw)
                  0000c9ea    00000008     rts430_eabi.lib : isr_trap.obj (.text:_isr:__TI_ISR_TRAP)
                  0000c9f2    00000008     main.obj (.text:configTimers)
                  0000c9fa    00000008     CTS_HAL.obj (.text:watchdog_timer)
                  0000ca02    00000006     main.obj (.text:ISR_trap)
                  0000ca08    00000006     rts430_eabi.lib : exit.obj (.text:abort)
                  0000ca0e    00000004                     : pre_init.obj (.text:_system_pre_init)
                  0000ca12    00000002                     : startup.obj (.text:_system_post_cinit)

.binit     0    0000c000    00000000     

.const     0    0000ca14    0000001e     
                  0000ca14    0000000a     main.obj (.const:$P$T0$1)
                  0000ca1e    0000000a     structure.obj (.const:fuelprobe_element)
                  0000ca28    0000000a     structure.obj (.const:fuelprobe_sensor)

.cinit     0    0000ca32    00000024     
                  0000ca32    00000011     (.cinit..data.load) [load image, compression = lzss]
                  0000ca43    00000001     --HOLE-- [fill = 0]
                  0000ca44    00000006     (__TI_handler_table)
                  0000ca4a    00000004     (.cinit..bss.load) [load image, compression = zero_init]
                  0000ca4e    00000008     (__TI_cinit_table)

.init_array 
*          0    0000c000    00000000     UNINITIALIZED

TRAPINT    0    0000ffe0    00000002     
                  0000ffe0    00000002     rts430_eabi.lib : int00.obj (.int00)

PORT1      0    0000ffe4    00000002     
                  0000ffe4    00000002     main.obj (.int02)

PORT2      0    0000ffe6    00000002     
                  0000ffe6    00000002     main.obj (.int03)

$fill000   0    0000ffde    00000002     
                  0000ffde    00000002     --HOLE-- [fill = ffff]

ADC10      0    0000ffea    00000002     
                  0000ffea    00000002     main.obj (.int05)

USCIAB0TX 
*          0    0000ffec    00000002     
                  0000ffec    00000002     mujoe_i2cSlave.obj (.int06)

USCIAB0RX 
*          0    0000ffee    00000002     
                  0000ffee    00000002     mujoe_i2cSlave.obj (.int07)

TIMER0_A1 
*          0    0000fff0    00000002     
                  0000fff0    00000002     main.obj (.int08)

TIMER0_A0 
*          0    0000fff2    00000002     
                  0000fff2    00000002     main.obj (.int09)

WDT        0    0000fff4    00000002     
                  0000fff4    00000002     CTS_HAL.obj (.int10)

COMPARATORA 
*          0    0000fff6    00000002     
                  0000fff6    00000002     main.obj (.int11)

TIMER1_A1 
*          0    0000fff8    00000002     
                  0000fff8    00000002     rts430_eabi.lib : int12.obj (.int12)

TIMER1_A0 
*          0    0000fffa    00000002     
                  0000fffa    00000002     rts430_eabi.lib : int13.obj (.int13)

NMI        0    0000fffc    00000002     
                  0000fffc    00000002     main.obj (.int14)

.reset     0    0000fffe    00000002     
                  0000fffe    00000002     rts430_eabi.lib : boot.obj (.reset)

MODULE SUMMARY

       Module                     code   ro data   rw data
       ------                     ----   -------   -------
    .\Application\
       main.obj                   162    24        2      
       structure.obj              0      20        0      
    +--+--------------------------+------+---------+---------+
       Total:                     162    44        2      
                                                          
    .\Library\
       CTS_Layer.obj              1164   0         6      
       CTS_HAL.obj                304    2         0      
    +--+--------------------------+------+---------+---------+
       Total:                     1468   2         6      
                                                          
    .\mujoeDrivers\
       mujoe_common.obj           214    0         0      
       mujoe_i2cSlave.obj         154    4         23     
       mujoe_i2cRegMap.obj        0      0         11     
    +--+--------------------------+------+---------+---------+
       Total:                     368    4         34     
                                                          
    C:\ti\ccsv7\tools\compiler\ti-cgt-msp430_16.9.6.LTS\lib\rts430_eabi.lib
       copy_decompress_lzss.obj   124    0         0      
       autoinit.obj               110    0         0      
       cpy_tbl.obj                90     0         0      
       lsr16.obj                  76     0         0      
       lsl16.obj                  44     0         0      
       boot_special.obj           26     0         0      
       copy_zero_init.obj         20     0         0      
       mult16.obj                 20     0         0      
       copy_decompress_none.obj   18     0         0      
       memcpy.obj                 18     0         0      
       epilog.obj                 16     0         0      
       isr_trap.obj               8      0         0      
       exit.obj                   6      0         0      
       pre_init.obj               4      0         0      
       boot.obj                   0      2         0      
       int00.obj                  0      2         0      
       int12.obj                  0      2         0      
       int13.obj                  0      2         0      
       startup.obj                2      0         0      
    +--+--------------------------+------+---------+---------+
       Total:                     582    8         0      
                                                          
       Stack:                     0      0         80     
       Linker Generated:          0      35        0      
    +--+--------------------------+------+---------+---------+
       Grand Total:               2580   93        122    


LINKER GENERATED COPY TABLES

__TI_cinit_table @ 0000ca4e records: 2, size/record: 4, table size: 8
	.data: load addr=0000ca32, load size=00000011 bytes, run addr=00000200, run size=00000026 bytes, compression=lzss
	.bss: load addr=0000ca4a, load size=00000004 bytes, run addr=00000226, run size=00000006 bytes, compression=zero_init


LINKER GENERATED HANDLER TABLE

__TI_handler_table @ 0000ca44 records: 3, size/record: 2, table size: 6
	index: 0, handler: __TI_zero_init
	index: 1, handler: __TI_decompress_lzss
	index: 2, handler: __TI_decompress_none


GLOBAL SYMBOLS: SORTED ALPHABETICALLY BY Name 

address   name                         
-------   ----                         
0000004a  ADC10AE0                     
000001b0  ADC10CTL0                    
000001b2  ADC10CTL1                    
00000048  ADC10DTC0                    
00000049  ADC10DTC1                    
000001b4  ADC10MEM                     
000001bc  ADC10SA                      
00000057  BCSCTL1                      
00000058  BCSCTL2                      
00000053  BCSCTL3                      
0000ca08  C$$EXIT                      
00000059  CACTL1                       
0000005a  CACTL2                       
000010fb  CALBC1_12MHZ                 
000010f9  CALBC1_16MHZ                 
000010ff  CALBC1_1MHZ                  
000010fd  CALBC1_8MHZ                  
000010fa  CALDCO_12MHZ                 
000010f8  CALDCO_16MHZ                 
000010fe  CALDCO_1MHZ                  
000010fc  CALDCO_8MHZ                  
0000005b  CAPD                         
00000056  DCOCTL                       
00000128  FCTL1                        
0000012a  FCTL2                        
0000012c  FCTL3                        
00000000  IE1                          
00000001  IE2                          
00000002  IFG1                         
00000003  IFG2                         
0000c948  ISR_Timer0_A0                
0000ca02  ISR_trap                     
00000022  P1DIR                        
00000025  P1IE                         
00000024  P1IES                        
00000023  P1IFG                        
00000020  P1IN                         
00000021  P1OUT                        
00000027  P1REN                        
00000026  P1SEL                        
00000041  P1SEL2                       
0000002a  P2DIR                        
0000002d  P2IE                         
0000002c  P2IES                        
0000002b  P2IFG                        
00000028  P2IN                         
00000029  P2OUT                        
0000002f  P2REN                        
0000002e  P2SEL                        
00000042  P2SEL2                       
0000001a  P3DIR                        
00000018  P3IN                         
00000019  P3OUT                        
00000010  P3REN                        
0000001b  P3SEL                        
00000043  P3SEL2                       
00000172  TA0CCR0                      
00000174  TA0CCR1                      
00000176  TA0CCR2                      
00000162  TA0CCTL0                     
00000164  TA0CCTL1                     
00000166  TA0CCTL2                     
00000160  TA0CTL                       
0000012e  TA0IV                        
00000170  TA0R                         
00000192  TA1CCR0                      
00000194  TA1CCR1                      
00000196  TA1CCR2                      
00000182  TA1CCTL0                     
00000184  TA1CCTL1                     
00000186  TA1CCTL2                     
00000180  TA1CTL                       
0000011e  TA1IV                        
00000190  TA1R                         
0000c000  TI_CAPT_Custom               
0000c9bc  TI_CAPT_Init_Baseline        
0000c9dc  TI_CAPT_Raw                  
0000c6f4  TI_CAPT_Update_Baseline      
0000c40c  TI_CTS_RO_PINOSC_TA0_WDTp_HAL
000010db  TLV_ADC10_1_LEN              
000010da  TLV_ADC10_1_TAG              
000010c0  TLV_CHECKSUM                 
000010f7  TLV_DCO_30_LEN               
000010f6  TLV_DCO_30_TAG               
0000005d  UCA0ABCTL                    
00000062  UCA0BR0                      
00000063  UCA0BR1                      
00000060  UCA0CTL0                     
00000061  UCA0CTL1                     
0000005f  UCA0IRRCTL                   
0000005e  UCA0IRTCTL                   
00000064  UCA0MCTL                     
00000066  UCA0RXBUF                    
00000065  UCA0STAT                     
00000067  UCA0TXBUF                    
0000006a  UCB0BR0                      
0000006b  UCB0BR1                      
00000068  UCB0CTL0                     
00000069  UCB0CTL1                     
0000006c  UCB0I2CIE                    
00000118  UCB0I2COA                    
0000011a  UCB0I2CSA                    
0000006e  UCB0RXBUF                    
0000006d  UCB0STAT                     
0000006f  UCB0TXBUF                    
0000c85a  USCIAB0RX_ISR                
0000c756  USCIAB0TX_ISR                
00000120  WDTCTL                       
00000400  __STACK_END                  
00000050  __STACK_SIZE                 
UNDEFED   __TI_BINIT_Base              
UNDEFED   __TI_BINIT_Limit             
0000ca4e  __TI_CINIT_Base              
0000ca56  __TI_CINIT_Limit             
0000ca44  __TI_Handler_Table_Base      
0000ca4a  __TI_Handler_Table_Limit     
UNDEFED   __TI_INITARRAY_Base          
UNDEFED   __TI_INITARRAY_Limit         
0000c9ea  __TI_ISR_TRAP                
0000c60a  __TI_decompress_lzss         
0000c998  __TI_decompress_none         
0000ffe0  __TI_int00                   
0000ffe4  __TI_int02                   
0000ffe6  __TI_int03                   
0000ffea  __TI_int05                   
0000ffec  __TI_int06                   
0000ffee  __TI_int07                   
0000fff0  __TI_int08                   
0000fff2  __TI_int09                   
0000fff4  __TI_int10                   
0000fff6  __TI_int11                   
0000fff8  __TI_int12                   
0000fffa  __TI_int13                   
0000fffc  __TI_int14                   
ffffffff  __TI_pprof_out_hndl          
ffffffff  __TI_prof_data_size          
ffffffff  __TI_prof_data_start         
0000c95c  __TI_zero_init               
ffffffff  __c_args__                   
0000c9d8  __mspabi_func_epilog_1       
0000c9d6  __mspabi_func_epilog_2       
0000c9d4  __mspabi_func_epilog_3       
0000c9d2  __mspabi_func_epilog_4       
0000c9d0  __mspabi_func_epilog_5       
0000c9ce  __mspabi_func_epilog_6       
0000c9cc  __mspabi_func_epilog_7       
0000c984  __mspabi_mpyi                
0000c984  __mspabi_mpyi_sw             
0000c896  __mspabi_slli                
0000c8be  __mspabi_slli_1              
0000c8ac  __mspabi_slli_10             
0000c8aa  __mspabi_slli_11             
0000c8a8  __mspabi_slli_12             
0000c8a6  __mspabi_slli_13             
0000c8a4  __mspabi_slli_14             
0000c8a2  __mspabi_slli_15             
0000c8bc  __mspabi_slli_2              
0000c8ba  __mspabi_slli_3              
0000c8b8  __mspabi_slli_4              
0000c8b6  __mspabi_slli_5              
0000c8b4  __mspabi_slli_6              
0000c8b2  __mspabi_slli_7              
0000c8b0  __mspabi_slli_8              
0000c8ae  __mspabi_slli_9              
0000c80e  __mspabi_srli                
0000c854  __mspabi_srli_1              
0000c830  __mspabi_srli_10             
0000c82c  __mspabi_srli_11             
0000c828  __mspabi_srli_12             
0000c824  __mspabi_srli_13             
0000c820  __mspabi_srli_14             
0000c81c  __mspabi_srli_15             
0000c850  __mspabi_srli_2              
0000c84c  __mspabi_srli_3              
0000c848  __mspabi_srli_4              
0000c844  __mspabi_srli_5              
0000c840  __mspabi_srli_6              
0000c83c  __mspabi_srli_7              
0000c838  __mspabi_srli_8              
0000c834  __mspabi_srli_9              
0000c686  _auto_init                   
0000c900  _c_int00_noargs_noexit       
0000fffe  _reset_vector                
000003b0  _stack                       
0000ca12  _system_post_cinit           
0000ca0e  _system_pre_init             
0000ca08  abort                        
00000226  baseCnt                      
0000c7b4  copy_in                      
00000224  ctsStatusReg                 
00000228  dCnt                         
0000ca1e  fuelprobe_element            
0000ca28  fuelprobe_sensor             
00000222  i2cMstrReading               
00000220  i2cPktRxd                    
0000c970  main                         
0000022a  measCnt                      
0000c9aa  memcpy                       
00000200  mspfgRegMap                  
0000c534  mujoeCommon_configClocks     
0000c9fa  watchdog_timer               


GLOBAL SYMBOLS: SORTED BY Symbol Address 

address   name                         
-------   ----                         
00000000  IE1                          
00000001  IE2                          
00000002  IFG1                         
00000003  IFG2                         
00000010  P3REN                        
00000018  P3IN                         
00000019  P3OUT                        
0000001a  P3DIR                        
0000001b  P3SEL                        
00000020  P1IN                         
00000021  P1OUT                        
00000022  P1DIR                        
00000023  P1IFG                        
00000024  P1IES                        
00000025  P1IE                         
00000026  P1SEL                        
00000027  P1REN                        
00000028  P2IN                         
00000029  P2OUT                        
0000002a  P2DIR                        
0000002b  P2IFG                        
0000002c  P2IES                        
0000002d  P2IE                         
0000002e  P2SEL                        
0000002f  P2REN                        
00000041  P1SEL2                       
00000042  P2SEL2                       
00000043  P3SEL2                       
00000048  ADC10DTC0                    
00000049  ADC10DTC1                    
0000004a  ADC10AE0                     
00000050  __STACK_SIZE                 
00000053  BCSCTL3                      
00000056  DCOCTL                       
00000057  BCSCTL1                      
00000058  BCSCTL2                      
00000059  CACTL1                       
0000005a  CACTL2                       
0000005b  CAPD                         
0000005d  UCA0ABCTL                    
0000005e  UCA0IRTCTL                   
0000005f  UCA0IRRCTL                   
00000060  UCA0CTL0                     
00000061  UCA0CTL1                     
00000062  UCA0BR0                      
00000063  UCA0BR1                      
00000064  UCA0MCTL                     
00000065  UCA0STAT                     
00000066  UCA0RXBUF                    
00000067  UCA0TXBUF                    
00000068  UCB0CTL0                     
00000069  UCB0CTL1                     
0000006a  UCB0BR0                      
0000006b  UCB0BR1                      
0000006c  UCB0I2CIE                    
0000006d  UCB0STAT                     
0000006e  UCB0RXBUF                    
0000006f  UCB0TXBUF                    
00000118  UCB0I2COA                    
0000011a  UCB0I2CSA                    
0000011e  TA1IV                        
00000120  WDTCTL                       
00000128  FCTL1                        
0000012a  FCTL2                        
0000012c  FCTL3                        
0000012e  TA0IV                        
00000160  TA0CTL                       
00000162  TA0CCTL0                     
00000164  TA0CCTL1                     
00000166  TA0CCTL2                     
00000170  TA0R                         
00000172  TA0CCR0                      
00000174  TA0CCR1                      
00000176  TA0CCR2                      
00000180  TA1CTL                       
00000182  TA1CCTL0                     
00000184  TA1CCTL1                     
00000186  TA1CCTL2                     
00000190  TA1R                         
00000192  TA1CCR0                      
00000194  TA1CCR1                      
00000196  TA1CCR2                      
000001b0  ADC10CTL0                    
000001b2  ADC10CTL1                    
000001b4  ADC10MEM                     
000001bc  ADC10SA                      
00000200  mspfgRegMap                  
00000220  i2cPktRxd                    
00000222  i2cMstrReading               
00000224  ctsStatusReg                 
00000226  baseCnt                      
00000228  dCnt                         
0000022a  measCnt                      
000003b0  _stack                       
00000400  __STACK_END                  
000010c0  TLV_CHECKSUM                 
000010da  TLV_ADC10_1_TAG              
000010db  TLV_ADC10_1_LEN              
000010f6  TLV_DCO_30_TAG               
000010f7  TLV_DCO_30_LEN               
000010f8  CALDCO_16MHZ                 
000010f9  CALBC1_16MHZ                 
000010fa  CALDCO_12MHZ                 
000010fb  CALBC1_12MHZ                 
000010fc  CALDCO_8MHZ                  
000010fd  CALBC1_8MHZ                  
000010fe  CALDCO_1MHZ                  
000010ff  CALBC1_1MHZ                  
0000c000  TI_CAPT_Custom               
0000c40c  TI_CTS_RO_PINOSC_TA0_WDTp_HAL
0000c534  mujoeCommon_configClocks     
0000c60a  __TI_decompress_lzss         
0000c686  _auto_init                   
0000c6f4  TI_CAPT_Update_Baseline      
0000c756  USCIAB0TX_ISR                
0000c7b4  copy_in                      
0000c80e  __mspabi_srli                
0000c81c  __mspabi_srli_15             
0000c820  __mspabi_srli_14             
0000c824  __mspabi_srli_13             
0000c828  __mspabi_srli_12             
0000c82c  __mspabi_srli_11             
0000c830  __mspabi_srli_10             
0000c834  __mspabi_srli_9              
0000c838  __mspabi_srli_8              
0000c83c  __mspabi_srli_7              
0000c840  __mspabi_srli_6              
0000c844  __mspabi_srli_5              
0000c848  __mspabi_srli_4              
0000c84c  __mspabi_srli_3              
0000c850  __mspabi_srli_2              
0000c854  __mspabi_srli_1              
0000c85a  USCIAB0RX_ISR                
0000c896  __mspabi_slli                
0000c8a2  __mspabi_slli_15             
0000c8a4  __mspabi_slli_14             
0000c8a6  __mspabi_slli_13             
0000c8a8  __mspabi_slli_12             
0000c8aa  __mspabi_slli_11             
0000c8ac  __mspabi_slli_10             
0000c8ae  __mspabi_slli_9              
0000c8b0  __mspabi_slli_8              
0000c8b2  __mspabi_slli_7              
0000c8b4  __mspabi_slli_6              
0000c8b6  __mspabi_slli_5              
0000c8b8  __mspabi_slli_4              
0000c8ba  __mspabi_slli_3              
0000c8bc  __mspabi_slli_2              
0000c8be  __mspabi_slli_1              
0000c900  _c_int00_noargs_noexit       
0000c948  ISR_Timer0_A0                
0000c95c  __TI_zero_init               
0000c970  main                         
0000c984  __mspabi_mpyi                
0000c984  __mspabi_mpyi_sw             
0000c998  __TI_decompress_none         
0000c9aa  memcpy                       
0000c9bc  TI_CAPT_Init_Baseline        
0000c9cc  __mspabi_func_epilog_7       
0000c9ce  __mspabi_func_epilog_6       
0000c9d0  __mspabi_func_epilog_5       
0000c9d2  __mspabi_func_epilog_4       
0000c9d4  __mspabi_func_epilog_3       
0000c9d6  __mspabi_func_epilog_2       
0000c9d8  __mspabi_func_epilog_1       
0000c9dc  TI_CAPT_Raw                  
0000c9ea  __TI_ISR_TRAP                
0000c9fa  watchdog_timer               
0000ca02  ISR_trap                     
0000ca08  C$$EXIT                      
0000ca08  abort                        
0000ca0e  _system_pre_init             
0000ca12  _system_post_cinit           
0000ca1e  fuelprobe_element            
0000ca28  fuelprobe_sensor             
0000ca44  __TI_Handler_Table_Base      
0000ca4a  __TI_Handler_Table_Limit     
0000ca4e  __TI_CINIT_Base              
0000ca56  __TI_CINIT_Limit             
0000ffe0  __TI_int00                   
0000ffe4  __TI_int02                   
0000ffe6  __TI_int03                   
0000ffea  __TI_int05                   
0000ffec  __TI_int06                   
0000ffee  __TI_int07                   
0000fff0  __TI_int08                   
0000fff2  __TI_int09                   
0000fff4  __TI_int10                   
0000fff6  __TI_int11                   
0000fff8  __TI_int12                   
0000fffa  __TI_int13                   
0000fffc  __TI_int14                   
0000fffe  _reset_vector                
ffffffff  __TI_pprof_out_hndl          
ffffffff  __TI_prof_data_size          
ffffffff  __TI_prof_data_start         
ffffffff  __c_args__                   
UNDEFED   __TI_BINIT_Base              
UNDEFED   __TI_BINIT_Limit             
UNDEFED   __TI_INITARRAY_Base          
UNDEFED   __TI_INITARRAY_Limit         

[201 symbols]
