<?xml version="1.0"?>
<link_info>
   <banner>MSP430 Linker PC v16.9.6.LTS</banner>
   <copyright>Copyright (c) 2003-2017 Texas Instruments Incorporated</copyright>
   <link_time>0x5a4a9721</link_time>
   <link_errors>0x0</link_errors>
   <output_file>MSPFuelGauge.out</output_file>
   <entry_point>
      <name>_c_int00_noargs_noexit</name>
      <address>0xd32a</address>
   </entry_point>
   <input_file_list>
      <input_file id="fl-2">
         <path>.\Application\</path>
         <kind>object</kind>
         <file>main.obj</file>
         <name>main.obj</name>
      </input_file>
      <input_file id="fl-3">
         <path>.\Application\</path>
         <kind>object</kind>
         <file>structure.obj</file>
         <name>structure.obj</name>
      </input_file>
      <input_file id="fl-4">
         <path>.\Library\</path>
         <kind>object</kind>
         <file>CTS_HAL.obj</file>
         <name>CTS_HAL.obj</name>
      </input_file>
      <input_file id="fl-5">
         <path>.\Library\</path>
         <kind>object</kind>
         <file>CTS_Layer.obj</file>
         <name>CTS_Layer.obj</name>
      </input_file>
      <input_file id="fl-6">
         <path>.\mujoeDrivers\</path>
         <kind>object</kind>
         <file>mujoe_common.obj</file>
         <name>mujoe_common.obj</name>
      </input_file>
      <input_file id="fl-7">
         <path>.\mujoeDrivers\</path>
         <kind>object</kind>
         <file>mujoe_fuelProbeMgr.obj</file>
         <name>mujoe_fuelProbeMgr.obj</name>
      </input_file>
      <input_file id="fl-8">
         <path>.\mujoeDrivers\</path>
         <kind>object</kind>
         <file>mujoe_i2cRegMap.obj</file>
         <name>mujoe_i2cRegMap.obj</name>
      </input_file>
      <input_file id="fl-9">
         <path>.\mujoeDrivers\</path>
         <kind>object</kind>
         <file>mujoe_i2cSlave.obj</file>
         <name>mujoe_i2cSlave.obj</name>
      </input_file>
      <input_file id="fl-a">
         <path>.\mujoeOS\</path>
         <kind>object</kind>
         <file>muJoe_i2cTask.obj</file>
         <name>muJoe_i2cTask.obj</name>
      </input_file>
      <input_file id="fl-b">
         <path>.\mujoeOS\</path>
         <kind>object</kind>
         <file>muJoe_mainTask.obj</file>
         <name>muJoe_mainTask.obj</name>
      </input_file>
      <input_file id="fl-c">
         <path>.\mujoeOS\</path>
         <kind>object</kind>
         <file>muJoe_taskMgr.obj</file>
         <name>muJoe_taskMgr.obj</name>
      </input_file>
      <input_file id="fl-d">
         <path>.\mujoeOS\</path>
         <kind>object</kind>
         <file>mujoe_bspTask.obj</file>
         <name>mujoe_bspTask.obj</name>
      </input_file>
      <input_file id="fl-12">
         <kind>object</kind>
         <file>&lt;internal&gt;</file>
         <name>&lt;internal&gt;</name>
      </input_file>
      <input_file id="fl-28">
         <path>C:\ti\ccsv7\tools\compiler\ti-cgt-msp430_16.9.6.LTS\lib\</path>
         <kind>archive</kind>
         <file>rts430_eabi.lib</file>
         <name>boot.obj</name>
      </input_file>
      <input_file id="fl-29">
         <path>C:\ti\ccsv7\tools\compiler\ti-cgt-msp430_16.9.6.LTS\lib\</path>
         <kind>archive</kind>
         <file>rts430_eabi.lib</file>
         <name>boot_special.obj</name>
      </input_file>
      <input_file id="fl-2a">
         <path>C:\ti\ccsv7\tools\compiler\ti-cgt-msp430_16.9.6.LTS\lib\</path>
         <kind>archive</kind>
         <file>rts430_eabi.lib</file>
         <name>copy_decompress_lzss.obj</name>
      </input_file>
      <input_file id="fl-2b">
         <path>C:\ti\ccsv7\tools\compiler\ti-cgt-msp430_16.9.6.LTS\lib\</path>
         <kind>archive</kind>
         <file>rts430_eabi.lib</file>
         <name>copy_decompress_none.obj</name>
      </input_file>
      <input_file id="fl-2c">
         <path>C:\ti\ccsv7\tools\compiler\ti-cgt-msp430_16.9.6.LTS\lib\</path>
         <kind>archive</kind>
         <file>rts430_eabi.lib</file>
         <name>copy_zero_init.obj</name>
      </input_file>
      <input_file id="fl-2d">
         <path>C:\ti\ccsv7\tools\compiler\ti-cgt-msp430_16.9.6.LTS\lib\</path>
         <kind>archive</kind>
         <file>rts430_eabi.lib</file>
         <name>div16u.obj</name>
      </input_file>
      <input_file id="fl-2e">
         <path>C:\ti\ccsv7\tools\compiler\ti-cgt-msp430_16.9.6.LTS\lib\</path>
         <kind>archive</kind>
         <file>rts430_eabi.lib</file>
         <name>epilog.obj</name>
      </input_file>
      <input_file id="fl-2f">
         <path>C:\ti\ccsv7\tools\compiler\ti-cgt-msp430_16.9.6.LTS\lib\</path>
         <kind>archive</kind>
         <file>rts430_eabi.lib</file>
         <name>exit.obj</name>
      </input_file>
      <input_file id="fl-30">
         <path>C:\ti\ccsv7\tools\compiler\ti-cgt-msp430_16.9.6.LTS\lib\</path>
         <kind>archive</kind>
         <file>rts430_eabi.lib</file>
         <name>exit_gvars.obj</name>
      </input_file>
      <input_file id="fl-31">
         <path>C:\ti\ccsv7\tools\compiler\ti-cgt-msp430_16.9.6.LTS\lib\</path>
         <kind>archive</kind>
         <file>rts430_eabi.lib</file>
         <name>fs_mpy.obj</name>
      </input_file>
      <input_file id="fl-32">
         <path>C:\ti\ccsv7\tools\compiler\ti-cgt-msp430_16.9.6.LTS\lib\</path>
         <kind>archive</kind>
         <file>rts430_eabi.lib</file>
         <name>fs_tou.obj</name>
      </input_file>
      <input_file id="fl-33">
         <path>C:\ti\ccsv7\tools\compiler\ti-cgt-msp430_16.9.6.LTS\lib\</path>
         <kind>archive</kind>
         <file>rts430_eabi.lib</file>
         <name>fs_utof.obj</name>
      </input_file>
      <input_file id="fl-34">
         <path>C:\ti\ccsv7\tools\compiler\ti-cgt-msp430_16.9.6.LTS\lib\</path>
         <kind>archive</kind>
         <file>rts430_eabi.lib</file>
         <name>int00.obj</name>
      </input_file>
      <input_file id="fl-35">
         <path>C:\ti\ccsv7\tools\compiler\ti-cgt-msp430_16.9.6.LTS\lib\</path>
         <kind>archive</kind>
         <file>rts430_eabi.lib</file>
         <name>int12.obj</name>
      </input_file>
      <input_file id="fl-36">
         <path>C:\ti\ccsv7\tools\compiler\ti-cgt-msp430_16.9.6.LTS\lib\</path>
         <kind>archive</kind>
         <file>rts430_eabi.lib</file>
         <name>int13.obj</name>
      </input_file>
      <input_file id="fl-37">
         <path>C:\ti\ccsv7\tools\compiler\ti-cgt-msp430_16.9.6.LTS\lib\</path>
         <kind>archive</kind>
         <file>rts430_eabi.lib</file>
         <name>isr_trap.obj</name>
      </input_file>
      <input_file id="fl-38">
         <path>C:\ti\ccsv7\tools\compiler\ti-cgt-msp430_16.9.6.LTS\lib\</path>
         <kind>archive</kind>
         <file>rts430_eabi.lib</file>
         <name>lsl16.obj</name>
      </input_file>
      <input_file id="fl-39">
         <path>C:\ti\ccsv7\tools\compiler\ti-cgt-msp430_16.9.6.LTS\lib\</path>
         <kind>archive</kind>
         <file>rts430_eabi.lib</file>
         <name>lsr16.obj</name>
      </input_file>
      <input_file id="fl-3a">
         <path>C:\ti\ccsv7\tools\compiler\ti-cgt-msp430_16.9.6.LTS\lib\</path>
         <kind>archive</kind>
         <file>rts430_eabi.lib</file>
         <name>memcpy.obj</name>
      </input_file>
      <input_file id="fl-3b">
         <path>C:\ti\ccsv7\tools\compiler\ti-cgt-msp430_16.9.6.LTS\lib\</path>
         <kind>archive</kind>
         <file>rts430_eabi.lib</file>
         <name>mpu_init.obj</name>
      </input_file>
      <input_file id="fl-3c">
         <path>C:\ti\ccsv7\tools\compiler\ti-cgt-msp430_16.9.6.LTS\lib\</path>
         <kind>archive</kind>
         <file>rts430_eabi.lib</file>
         <name>mult16.obj</name>
      </input_file>
      <input_file id="fl-3d">
         <path>C:\ti\ccsv7\tools\compiler\ti-cgt-msp430_16.9.6.LTS\lib\</path>
         <kind>archive</kind>
         <file>rts430_eabi.lib</file>
         <name>pre_init.obj</name>
      </input_file>
      <input_file id="fl-3e">
         <path>C:\ti\ccsv7\tools\compiler\ti-cgt-msp430_16.9.6.LTS\lib\</path>
         <kind>archive</kind>
         <file>rts430_eabi.lib</file>
         <name>_lock.obj</name>
      </input_file>
      <input_file id="fl-3f">
         <path>C:\ti\ccsv7\tools\compiler\ti-cgt-msp430_16.9.6.LTS\lib\</path>
         <kind>archive</kind>
         <file>rts430_eabi.lib</file>
         <name>args_main.obj</name>
      </input_file>
      <input_file id="fl-40">
         <path>C:\ti\ccsv7\tools\compiler\ti-cgt-msp430_16.9.6.LTS\lib\</path>
         <kind>archive</kind>
         <file>rts430_eabi.lib</file>
         <name>autoinit.obj</name>
      </input_file>
      <input_file id="fl-41">
         <path>C:\ti\ccsv7\tools\compiler\ti-cgt-msp430_16.9.6.LTS\lib\</path>
         <kind>archive</kind>
         <file>rts430_eabi.lib</file>
         <name>cpy_tbl.obj</name>
      </input_file>
      <input_file id="fl-42">
         <path>C:\ti\ccsv7\tools\compiler\ti-cgt-msp430_16.9.6.LTS\lib\</path>
         <kind>archive</kind>
         <file>rts430_eabi.lib</file>
         <name>startup.obj</name>
      </input_file>
   </input_file_list>
   <object_component_list>
      <object_component id="oc-38b">
         <name>.common:baseCnt</name>
         <uninitialized>true</uninitialized>
         <run_address>0x246</run_address>
         <size>0x2</size>
      </object_component>
      <object_component id="oc-395">
         <name>.common:measCnt</name>
         <uninitialized>true</uninitialized>
         <run_address>0x248</run_address>
         <size>0x2</size>
      </object_component>
      <object_component id="oc-3a5">
         <name>.data</name>
         <load_address>0x23e</load_address>
         <run_address>0x23e</run_address>
         <size>0x2</size>
         <input_file_ref idref="fl-5"/>
      </object_component>
      <object_component id="oc-198">
         <name>.data:mspfgRegMap</name>
         <load_address>0x20e</load_address>
         <run_address>0x20e</run_address>
         <size>0xc</size>
         <input_file_ref idref="fl-8"/>
      </object_component>
      <object_component id="oc-333">
         <name>.data:i2cSlave</name>
         <load_address>0x236</load_address>
         <run_address>0x236</run_address>
         <size>0x4</size>
         <input_file_ref idref="fl-9"/>
      </object_component>
      <object_component id="oc-1df">
         <name>.data:rxBuffer</name>
         <load_address>0x21a</load_address>
         <run_address>0x21a</run_address>
         <size>0xc</size>
         <input_file_ref idref="fl-9"/>
      </object_component>
      <object_component id="oc-195">
         <name>.data:i2cSlaveIsr</name>
         <load_address>0x226</load_address>
         <run_address>0x226</run_address>
         <size>0xa</size>
         <input_file_ref idref="fl-9"/>
      </object_component>
      <object_component id="oc-19c">
         <name>.data</name>
         <load_address>0x242</load_address>
         <run_address>0x242</run_address>
         <size>0x1</size>
         <input_file_ref idref="fl-a"/>
      </object_component>
      <object_component id="oc-283">
         <name>.data</name>
         <load_address>0x243</load_address>
         <run_address>0x243</run_address>
         <size>0x1</size>
         <input_file_ref idref="fl-b"/>
      </object_component>
      <object_component id="oc-2cc">
         <name>.data:getFuelProbeMeasurement_sm</name>
         <load_address>0x240</load_address>
         <run_address>0x240</run_address>
         <size>0x2</size>
         <input_file_ref idref="fl-b"/>
      </object_component>
      <object_component id="oc-30b">
         <name>.data:fuelProbeMgr</name>
         <load_address>0x230</load_address>
         <run_address>0x230</run_address>
         <size>0x6</size>
         <input_file_ref idref="fl-b"/>
      </object_component>
      <object_component id="oc-19f">
         <name>.data:taskMgr</name>
         <load_address>0x200</load_address>
         <run_address>0x200</run_address>
         <size>0xe</size>
         <input_file_ref idref="fl-c"/>
      </object_component>
      <object_component id="oc-1a3">
         <name>.data</name>
         <load_address>0x23a</load_address>
         <run_address>0x23a</run_address>
         <size>0x4</size>
         <input_file_ref idref="fl-c"/>
      </object_component>
      <object_component id="oc-272">
         <name>.data</name>
         <load_address>0x244</load_address>
         <run_address>0x244</run_address>
         <size>0x1</size>
         <input_file_ref idref="fl-d"/>
      </object_component>
      <object_component id="oc-f1">
         <name>.stack</name>
         <uninitialized>true</uninitialized>
         <run_address>0x3b0</run_address>
         <size>0x2</size>
         <input_file_ref idref="fl-28"/>
      </object_component>
      <object_component id="oc-44c">
         <name>.stack</name>
         <uninitialized>true</uninitialized>
         <run_address>0x3b0</run_address>
         <size>0x0</size>
      </object_component>
      <object_component id="oc-363">
         <name>.text:TI_CAPT_Custom_ALT</name>
         <load_address>0xc000</load_address>
         <run_address>0xc000</run_address>
         <size>0x544</size>
         <input_file_ref idref="fl-5"/>
      </object_component>
      <object_component id="oc-3df">
         <name>.text:TI_CTS_RO_PINOSC_TA0_WDTp_HAL_ALT</name>
         <load_address>0xc544</load_address>
         <run_address>0xc544</run_address>
         <size>0x178</size>
         <input_file_ref idref="fl-4"/>
      </object_component>
      <object_component id="oc-3b6">
         <name>.text:TI_CTS_RO_PINOSC_TA0_WDTp_HAL</name>
         <load_address>0xc6bc</load_address>
         <run_address>0xc6bc</run_address>
         <size>0x164</size>
         <input_file_ref idref="fl-4"/>
      </object_component>
      <object_component id="oc-2db">
         <name>.text:mujoeCommon_configClocks</name>
         <load_address>0xc820</load_address>
         <run_address>0xc820</run_address>
         <size>0xda</size>
         <input_file_ref idref="fl-6"/>
      </object_component>
      <object_component id="oc-2cf">
         <name>.text:mainTask_getFuelProbeMeasurement</name>
         <load_address>0xc8fa</load_address>
         <run_address>0xc8fa</run_address>
         <size>0xc4</size>
         <input_file_ref idref="fl-b"/>
      </object_component>
      <object_component id="oc-372">
         <name>.text</name>
         <load_address>0xc9be</load_address>
         <run_address>0xc9be</run_address>
         <size>0xc4</size>
         <input_file_ref idref="fl-31"/>
      </object_component>
      <object_component id="oc-12d">
         <name>.text:USCIAB0RX_ISR</name>
         <load_address>0xca82</load_address>
         <run_address>0xca82</run_address>
         <size>0x90</size>
         <input_file_ref idref="fl-9"/>
      </object_component>
      <object_component id="oc-34">
         <name>.text:decompress:lzss:__TI_decompress_lzss</name>
         <load_address>0xcb12</load_address>
         <run_address>0xcb12</run_address>
         <size>0x7c</size>
         <input_file_ref idref="fl-2a"/>
      </object_component>
      <object_component id="oc-347">
         <name>.text:TI_CAPT_Update_Baseline</name>
         <load_address>0xcb8e</load_address>
         <run_address>0xcb8e</run_address>
         <size>0x76</size>
         <input_file_ref idref="fl-5"/>
      </object_component>
      <object_component id="oc-14c">
         <name>.text:_auto_init</name>
         <load_address>0xcc04</load_address>
         <run_address>0xcc04</run_address>
         <size>0x6e</size>
         <input_file_ref idref="fl-40"/>
      </object_component>
      <object_component id="oc-397">
         <name>.text:i2cSlave_handleI2cCommand</name>
         <load_address>0xcc72</load_address>
         <run_address>0xcc72</run_address>
         <size>0x6e</size>
         <input_file_ref idref="fl-9"/>
      </object_component>
      <object_component id="oc-34f">
         <name>.text:i2cSlave_parseRxdPacket</name>
         <load_address>0xcce0</load_address>
         <run_address>0xcce0</run_address>
         <size>0x6c</size>
         <input_file_ref idref="fl-9"/>
      </object_component>
      <object_component id="oc-326">
         <name>.text:taskMgr_setEventEx</name>
         <load_address>0xcd4c</load_address>
         <run_address>0xcd4c</run_address>
         <size>0x64</size>
         <input_file_ref idref="fl-c"/>
      </object_component>
      <object_component id="oc-39d">
         <name>.text:mspfg_writeReg</name>
         <load_address>0xcdb0</load_address>
         <run_address>0xcdb0</run_address>
         <size>0x62</size>
         <input_file_ref idref="fl-8"/>
      </object_component>
      <object_component id="oc-127">
         <name>.text:USCIAB0TX_ISR</name>
         <load_address>0xce12</load_address>
         <run_address>0xce12</run_address>
         <size>0x5e</size>
         <input_file_ref idref="fl-9"/>
      </object_component>
      <object_component id="oc-1ab">
         <name>.text:copy_in</name>
         <load_address>0xce70</load_address>
         <run_address>0xce70</run_address>
         <size>0x5a</size>
         <input_file_ref idref="fl-41"/>
      </object_component>
      <object_component id="oc-1d3">
         <name>.text:taskMgr_runSystem</name>
         <load_address>0xceca</load_address>
         <run_address>0xceca</run_address>
         <size>0x4e</size>
         <input_file_ref idref="fl-c"/>
      </object_component>
      <object_component id="oc-fa">
         <name>.text</name>
         <load_address>0xcf18</load_address>
         <run_address>0xcf18</run_address>
         <size>0x4c</size>
         <input_file_ref idref="fl-39"/>
      </object_component>
      <object_component id="oc-3d6">
         <name>.text:mspfg_dispatchRegWriteHdlr</name>
         <load_address>0xcf64</load_address>
         <run_address>0xcf64</run_address>
         <size>0x46</size>
         <input_file_ref idref="fl-8"/>
      </object_component>
      <object_component id="oc-377">
         <name>.text</name>
         <load_address>0xcfaa</load_address>
         <run_address>0xcfaa</run_address>
         <size>0x46</size>
         <input_file_ref idref="fl-32"/>
      </object_component>
      <object_component id="oc-2ee">
         <name>.text:i2cSlave_initHardware</name>
         <load_address>0xcff0</load_address>
         <run_address>0xcff0</run_address>
         <size>0x40</size>
         <input_file_ref idref="fl-9"/>
      </object_component>
      <object_component id="oc-2b4">
         <name>.text:configurePeripherals</name>
         <load_address>0xd030</load_address>
         <run_address>0xd030</run_address>
         <size>0x3e</size>
         <input_file_ref idref="fl-d"/>
      </object_component>
      <object_component id="oc-1cd">
         <name>.text:taskMgr_initTasks</name>
         <load_address>0xd06e</load_address>
         <run_address>0xd06e</run_address>
         <size>0x34</size>
         <input_file_ref idref="fl-c"/>
      </object_component>
      <object_component id="oc-244">
         <name>.text:taskMgr_updateEventFlags</name>
         <load_address>0xd0a2</load_address>
         <run_address>0xd0a2</run_address>
         <size>0x34</size>
         <input_file_ref idref="fl-c"/>
      </object_component>
      <object_component id="oc-30e">
         <name>.text:fuelProbeMgr_performMeasurement</name>
         <load_address>0xd0d6</load_address>
         <run_address>0xd0d6</run_address>
         <size>0x32</size>
         <input_file_ref idref="fl-7"/>
      </object_component>
      <object_component id="oc-3e9">
         <name>.text:taskMgr_clearEvent</name>
         <load_address>0xd108</load_address>
         <run_address>0xd108</run_address>
         <size>0x30</size>
         <input_file_ref idref="fl-c"/>
      </object_component>
      <object_component id="oc-288">
         <name>.text:bspTask_evtProcessor</name>
         <load_address>0xd138</load_address>
         <run_address>0xd138</run_address>
         <size>0x2c</size>
         <input_file_ref idref="fl-d"/>
      </object_component>
      <object_component id="oc-3fa">
         <name>.text:mspfg_configRegWriteCb</name>
         <load_address>0xd164</load_address>
         <run_address>0xd164</run_address>
         <size>0x2c</size>
         <input_file_ref idref="fl-a"/>
      </object_component>
      <object_component id="oc-f5">
         <name>.text</name>
         <load_address>0xd190</load_address>
         <run_address>0xd190</run_address>
         <size>0x2c</size>
         <input_file_ref idref="fl-38"/>
      </object_component>
      <object_component id="oc-133">
         <name>.text:ISR_Timer0_A0</name>
         <load_address>0xd1bc</load_address>
         <run_address>0xd1bc</run_address>
         <size>0x2a</size>
         <input_file_ref idref="fl-c"/>
      </object_component>
      <object_component id="oc-27b">
         <name>.text:taskMgr_setEvent</name>
         <load_address>0xd1e6</load_address>
         <run_address>0xd1e6</run_address>
         <size>0x26</size>
         <input_file_ref idref="fl-c"/>
      </object_component>
      <object_component id="oc-2e8">
         <name>.text:i2cSlave_initDriver</name>
         <load_address>0xd20c</load_address>
         <run_address>0xd20c</run_address>
         <size>0x24</size>
         <input_file_ref idref="fl-9"/>
      </object_component>
      <object_component id="oc-294">
         <name>.text:mainTask_evtProcessor</name>
         <load_address>0xd230</load_address>
         <run_address>0xd230</run_address>
         <size>0x24</size>
         <input_file_ref idref="fl-b"/>
      </object_component>
      <object_component id="oc-36d">
         <name>.text</name>
         <load_address>0xd254</load_address>
         <run_address>0xd254</run_address>
         <size>0x24</size>
         <input_file_ref idref="fl-33"/>
      </object_component>
      <object_component id="oc-3a8">
         <name>.text:TI_CAPT_Raw_ALT</name>
         <load_address>0xd278</load_address>
         <run_address>0xd278</run_address>
         <size>0x22</size>
         <input_file_ref idref="fl-5"/>
      </object_component>
      <object_component id="oc-28e">
         <name>.text:i2cTask_evtProcessor</name>
         <load_address>0xd29a</load_address>
         <run_address>0xd29a</run_address>
         <size>0x20</size>
         <input_file_ref idref="fl-a"/>
      </object_component>
      <object_component id="oc-2a8">
         <name>.text:configureClocks</name>
         <load_address>0xd2ba</load_address>
         <run_address>0xd2ba</run_address>
         <size>0x1e</size>
         <input_file_ref idref="fl-d"/>
      </object_component>
      <object_component id="oc-22c">
         <name>.text:bspTask_init</name>
         <load_address>0xd2d8</load_address>
         <run_address>0xd2d8</run_address>
         <size>0x1c</size>
         <input_file_ref idref="fl-d"/>
      </object_component>
      <object_component id="oc-3c3">
         <name>.text:taskMgr_clearEventEx</name>
         <load_address>0xd2f4</load_address>
         <run_address>0xd2f4</run_address>
         <size>0x1c</size>
         <input_file_ref idref="fl-c"/>
      </object_component>
      <object_component id="oc-38e">
         <name>.text:TI_CAPT_Raw</name>
         <load_address>0xd310</load_address>
         <run_address>0xd310</run_address>
         <size>0x1a</size>
         <input_file_ref idref="fl-5"/>
      </object_component>
      <object_component id="oc-6b">
         <name>.text:_c_int00_noargs_noexit</name>
         <load_address>0xd32a</load_address>
         <run_address>0xd32a</run_address>
         <size>0x1a</size>
         <input_file_ref idref="fl-29"/>
      </object_component>
      <object_component id="oc-341">
         <name>.text:TI_CAPT_Init_Baseline</name>
         <load_address>0xd344</load_address>
         <run_address>0xd344</run_address>
         <size>0x18</size>
         <input_file_ref idref="fl-5"/>
      </object_component>
      <object_component id="oc-2ae">
         <name>.text:configureGPIO</name>
         <load_address>0xd35c</load_address>
         <run_address>0xd35c</run_address>
         <size>0x16</size>
         <input_file_ref idref="fl-d"/>
      </object_component>
      <object_component id="oc-2f4">
         <name>.text:fuelProbeMgr_initProbe</name>
         <load_address>0xd372</load_address>
         <run_address>0xd372</run_address>
         <size>0x16</size>
         <input_file_ref idref="fl-7"/>
      </object_component>
      <object_component id="oc-406">
         <name>.text:mspfg_statusRegWriteCb</name>
         <load_address>0xd388</load_address>
         <run_address>0xd388</run_address>
         <size>0x16</size>
         <input_file_ref idref="fl-a"/>
      </object_component>
      <object_component id="oc-4d">
         <name>.text:decompress:ZI:__TI_zero_init</name>
         <load_address>0xd39e</load_address>
         <run_address>0xd39e</run_address>
         <size>0x14</size>
         <input_file_ref idref="fl-2c"/>
      </object_component>
      <object_component id="oc-3c9">
         <name>.text:fuelProbeMgr_updateBaseline</name>
         <load_address>0xd3b2</load_address>
         <run_address>0xd3b2</run_address>
         <size>0x14</size>
         <input_file_ref idref="fl-7"/>
      </object_component>
      <object_component id="oc-1fd">
         <name>.text</name>
         <load_address>0xd3c6</load_address>
         <run_address>0xd3c6</run_address>
         <size>0x14</size>
         <input_file_ref idref="fl-3c"/>
      </object_component>
      <object_component id="oc-3a">
         <name>.text:decompress:none:__TI_decompress_none</name>
         <load_address>0xd3da</load_address>
         <run_address>0xd3da</run_address>
         <size>0x12</size>
         <input_file_ref idref="fl-2b"/>
      </object_component>
      <object_component id="oc-31a">
         <name>.text:i2cSlave_resumeI2cMasterReads</name>
         <load_address>0xd3ec</load_address>
         <run_address>0xd3ec</run_address>
         <size>0x12</size>
         <input_file_ref idref="fl-9"/>
      </object_component>
      <object_component id="oc-314">
         <name>.text:i2cSlave_suspendI2cMasterReads</name>
         <load_address>0xd3fe</load_address>
         <run_address>0xd3fe</run_address>
         <size>0x12</size>
         <input_file_ref idref="fl-9"/>
      </object_component>
      <object_component id="oc-10f">
         <name>.text:memcpy</name>
         <load_address>0xd410</load_address>
         <run_address>0xd410</run_address>
         <size>0x12</size>
         <input_file_ref idref="fl-3a"/>
      </object_component>
      <object_component id="oc-2fb">
         <name>.text:i2cSlave_initInterrupts</name>
         <load_address>0xd422</load_address>
         <run_address>0xd422</run_address>
         <size>0x10</size>
         <input_file_ref idref="fl-9"/>
      </object_component>
      <object_component id="oc-166">
         <name>.text:main</name>
         <load_address>0xd432</load_address>
         <run_address>0xd432</run_address>
         <size>0x10</size>
         <input_file_ref idref="fl-2"/>
      </object_component>
      <object_component id="oc-ff">
         <name>.text</name>
         <load_address>0xd442</load_address>
         <run_address>0xd442</run_address>
         <size>0x10</size>
         <input_file_ref idref="fl-2e"/>
      </object_component>
      <object_component id="oc-355">
         <name>.text:i2cSlave_prepReceive</name>
         <load_address>0xd452</load_address>
         <run_address>0xd452</run_address>
         <size>0xe</size>
         <input_file_ref idref="fl-9"/>
      </object_component>
      <object_component id="oc-302">
         <name>.text:i2cSlave_rxdPacketHandler</name>
         <load_address>0xd460</load_address>
         <run_address>0xd460</run_address>
         <size>0xe</size>
         <input_file_ref idref="fl-9"/>
      </object_component>
      <object_component id="oc-232">
         <name>.text:i2cTask_init</name>
         <load_address>0xd46e</load_address>
         <run_address>0xd46e</run_address>
         <size>0xe</size>
         <input_file_ref idref="fl-a"/>
      </object_component>
      <object_component id="oc-275">
         <name>.text:initMCU</name>
         <load_address>0xd47c</load_address>
         <run_address>0xd47c</run_address>
         <size>0xe</size>
         <input_file_ref idref="fl-d"/>
      </object_component>
      <object_component id="oc-238">
         <name>.text:mainTask_init</name>
         <load_address>0xd48a</load_address>
         <run_address>0xd48a</run_address>
         <size>0xe</size>
         <input_file_ref idref="fl-b"/>
      </object_component>
      <object_component id="oc-400">
         <name>.text:mspfg_fuelLvlCritThreshRegWriteCb</name>
         <load_address>0xd498</load_address>
         <run_address>0xd498</run_address>
         <size>0xc</size>
         <input_file_ref idref="fl-a"/>
      </object_component>
      <object_component id="oc-336">
         <name>.text:mspfg_initRegMap</name>
         <load_address>0xd4a4</load_address>
         <run_address>0xd4a4</run_address>
         <size>0xc</size>
         <input_file_ref idref="fl-8"/>
      </object_component>
      <object_component id="oc-11c">
         <name>.text:_isr:__TI_ISR_TRAP</name>
         <load_address>0xd4b0</load_address>
         <run_address>0xd4b0</run_address>
         <size>0x8</size>
         <input_file_ref idref="fl-37"/>
      </object_component>
      <object_component id="oc-2be">
         <name>.text:bspTask_armInterrupts</name>
         <load_address>0xd4b8</load_address>
         <run_address>0xd4b8</run_address>
         <size>0x8</size>
         <input_file_ref idref="fl-d"/>
      </object_component>
      <object_component id="oc-3cf">
         <name>.text:mujoeCommon_softwareReset</name>
         <load_address>0xd4c0</load_address>
         <run_address>0xd4c0</run_address>
         <size>0x8</size>
         <input_file_ref idref="fl-6"/>
      </object_component>
      <object_component id="oc-139">
         <name>.text:watchdog_timer</name>
         <load_address>0xd4c8</load_address>
         <run_address>0xd4c8</run_address>
         <size>0x8</size>
         <input_file_ref idref="fl-4"/>
      </object_component>
      <object_component id="oc-121">
         <name>.text:ISR_trap</name>
         <load_address>0xd4d0</load_address>
         <run_address>0xd4d0</run_address>
         <size>0x6</size>
         <input_file_ref idref="fl-2"/>
      </object_component>
      <object_component id="oc-16e">
         <name>.text:abort</name>
         <load_address>0xd4d6</load_address>
         <run_address>0xd4d6</run_address>
         <size>0x6</size>
         <input_file_ref idref="fl-2f"/>
      </object_component>
      <object_component id="oc-320">
         <name>.text:i2cSlave_contDataCollect</name>
         <load_address>0xd4dc</load_address>
         <run_address>0xd4dc</run_address>
         <size>0x6</size>
         <input_file_ref idref="fl-9"/>
      </object_component>
      <object_component id="oc-2c5">
         <name>.text:i2cTask_masterWriteHandler</name>
         <load_address>0xd4e2</load_address>
         <run_address>0xd4e2</run_address>
         <size>0x6</size>
         <input_file_ref idref="fl-a"/>
      </object_component>
      <object_component id="oc-3bd">
         <name>.text:mainTask_getTaskId</name>
         <load_address>0xd4e8</load_address>
         <run_address>0xd4e8</run_address>
         <size>0x6</size>
         <input_file_ref idref="fl-b"/>
      </object_component>
      <object_component id="oc-146">
         <name>.text:_system_pre_init</name>
         <load_address>0xd4ee</load_address>
         <run_address>0xd4ee</run_address>
         <size>0x4</size>
         <input_file_ref idref="fl-3d"/>
      </object_component>
      <object_component id="oc-1b1">
         <name>.text:_system_post_cinit</name>
         <load_address>0xd4f2</load_address>
         <run_address>0xd4f2</run_address>
         <size>0x2</size>
         <input_file_ref idref="fl-42"/>
      </object_component>
      <object_component id="oc-44b">
         <name>.cinit..data.load</name>
         <load_address>0xd524</load_address>
         <run_address>0xd524</run_address>
         <size>0x13</size>
      </object_component>
      <object_component id="oc-448">
         <name>__TI_handler_table</name>
         <load_address>0xd538</load_address>
         <run_address>0xd538</run_address>
         <size>0x6</size>
      </object_component>
      <object_component id="oc-44a">
         <name>.cinit..bss.load</name>
         <load_address>0xd53e</load_address>
         <run_address>0xd53e</run_address>
         <size>0x4</size>
      </object_component>
      <object_component id="oc-449">
         <name>__TI_cinit_table</name>
         <load_address>0xd542</load_address>
         <run_address>0xd542</run_address>
         <size>0x8</size>
      </object_component>
      <object_component id="oc-3f2">
         <name>.const:mspfg_regWriteHndls</name>
         <load_address>0xd4f4</load_address>
         <run_address>0xd4f4</run_address>
         <size>0xc</size>
         <input_file_ref idref="fl-8"/>
      </object_component>
      <object_component id="oc-2d8">
         <name>.const:$P$T0$1</name>
         <load_address>0xd500</load_address>
         <run_address>0xd500</run_address>
         <size>0xa</size>
         <input_file_ref idref="fl-d"/>
      </object_component>
      <object_component id="oc-386">
         <name>.const:fuelprobe_element</name>
         <load_address>0xd50a</load_address>
         <run_address>0xd50a</run_address>
         <size>0xa</size>
         <input_file_ref idref="fl-3"/>
      </object_component>
      <object_component id="oc-33e">
         <name>.const:fuelprobe_sensor</name>
         <load_address>0xd514</load_address>
         <run_address>0xd514</run_address>
         <size>0xa</size>
         <input_file_ref idref="fl-3"/>
      </object_component>
      <object_component id="oc-24a">
         <name>.const:taskEvtProcesssorArr</name>
         <load_address>0xd51e</load_address>
         <run_address>0xd51e</run_address>
         <size>0x6</size>
         <input_file_ref idref="fl-c"/>
      </object_component>
      <object_component id="oc-412">
         <name>.binit</name>
         <load_address>0xc000</load_address>
         <run_address>0xc000</run_address>
         <size>0x0</size>
      </object_component>
      <object_component id="oc-40">
         <name>.int00</name>
         <load_address>0xffe0</load_address>
         <run_address>0xffe0</run_address>
         <size>0x2</size>
         <input_file_ref idref="fl-34"/>
      </object_component>
      <object_component id="oc-41">
         <name>.int02</name>
         <load_address>0xffe4</load_address>
         <run_address>0xffe4</run_address>
         <size>0x2</size>
         <input_file_ref idref="fl-2"/>
      </object_component>
      <object_component id="oc-42">
         <name>.int03</name>
         <load_address>0xffe6</load_address>
         <run_address>0xffe6</run_address>
         <size>0x2</size>
         <input_file_ref idref="fl-2"/>
      </object_component>
      <object_component id="oc-43">
         <name>.int05</name>
         <load_address>0xffea</load_address>
         <run_address>0xffea</run_address>
         <size>0x2</size>
         <input_file_ref idref="fl-2"/>
      </object_component>
      <object_component id="oc-44">
         <name>.int06</name>
         <load_address>0xffec</load_address>
         <run_address>0xffec</run_address>
         <size>0x2</size>
         <input_file_ref idref="fl-9"/>
      </object_component>
      <object_component id="oc-45">
         <name>.int07</name>
         <load_address>0xffee</load_address>
         <run_address>0xffee</run_address>
         <size>0x2</size>
         <input_file_ref idref="fl-9"/>
      </object_component>
      <object_component id="oc-46">
         <name>.int08</name>
         <load_address>0xfff0</load_address>
         <run_address>0xfff0</run_address>
         <size>0x2</size>
         <input_file_ref idref="fl-2"/>
      </object_component>
      <object_component id="oc-47">
         <name>.int09</name>
         <load_address>0xfff2</load_address>
         <run_address>0xfff2</run_address>
         <size>0x2</size>
         <input_file_ref idref="fl-c"/>
      </object_component>
      <object_component id="oc-48">
         <name>.int10</name>
         <load_address>0xfff4</load_address>
         <run_address>0xfff4</run_address>
         <size>0x2</size>
         <input_file_ref idref="fl-4"/>
      </object_component>
      <object_component id="oc-49">
         <name>.int11</name>
         <load_address>0xfff6</load_address>
         <run_address>0xfff6</run_address>
         <size>0x2</size>
         <input_file_ref idref="fl-2"/>
      </object_component>
      <object_component id="oc-4a">
         <name>.int12</name>
         <load_address>0xfff8</load_address>
         <run_address>0xfff8</run_address>
         <size>0x2</size>
         <input_file_ref idref="fl-35"/>
      </object_component>
      <object_component id="oc-4b">
         <name>.int13</name>
         <load_address>0xfffa</load_address>
         <run_address>0xfffa</run_address>
         <size>0x2</size>
         <input_file_ref idref="fl-36"/>
      </object_component>
      <object_component id="oc-4c">
         <name>.int14</name>
         <load_address>0xfffc</load_address>
         <run_address>0xfffc</run_address>
         <size>0x2</size>
         <input_file_ref idref="fl-2"/>
      </object_component>
      <object_component id="oc-f4">
         <name>.reset</name>
         <load_address>0xfffe</load_address>
         <run_address>0xfffe</run_address>
         <size>0x2</size>
         <input_file_ref idref="fl-28"/>
      </object_component>
      <object_component id="oc-258">
         <name>.debug_info</name>
         <load_address>0x0</load_address>
         <run_address>0x0</run_address>
         <size>0x1cb</size>
         <input_file_ref idref="fl-2"/>
      </object_component>
      <object_component id="oc-167">
         <name>.debug_info</name>
         <load_address>0x1cb</load_address>
         <run_address>0x1cb</run_address>
         <size>0x139</size>
         <input_file_ref idref="fl-2"/>
      </object_component>
      <object_component id="oc-122">
         <name>.debug_info</name>
         <load_address>0x304</load_address>
         <run_address>0x304</run_address>
         <size>0x118</size>
         <input_file_ref idref="fl-2"/>
      </object_component>
      <object_component id="oc-2e2">
         <name>.debug_info</name>
         <load_address>0x41c</load_address>
         <run_address>0x41c</run_address>
         <size>0x18a</size>
         <input_file_ref idref="fl-2"/>
      </object_component>
      <object_component id="oc-1ee">
         <name>.debug_info</name>
         <load_address>0x5a6</load_address>
         <run_address>0x5a6</run_address>
         <size>0xf3</size>
         <input_file_ref idref="fl-2"/>
      </object_component>
      <object_component id="oc-10a">
         <name>.debug_info</name>
         <load_address>0x699</load_address>
         <run_address>0x699</run_address>
         <size>0x84</size>
         <input_file_ref idref="fl-2"/>
      </object_component>
      <object_component id="oc-1f5">
         <name>.debug_info</name>
         <load_address>0x71d</load_address>
         <run_address>0x71d</run_address>
         <size>0x83</size>
         <input_file_ref idref="fl-2"/>
      </object_component>
      <object_component id="oc-2a5">
         <name>.debug_info</name>
         <load_address>0x7a0</load_address>
         <run_address>0x7a0</run_address>
         <size>0x112</size>
         <input_file_ref idref="fl-3"/>
      </object_component>
      <object_component id="oc-387">
         <name>.debug_info</name>
         <load_address>0x8b2</load_address>
         <run_address>0x8b2</run_address>
         <size>0xec</size>
         <input_file_ref idref="fl-3"/>
      </object_component>
      <object_component id="oc-33f">
         <name>.debug_info</name>
         <load_address>0x99e</load_address>
         <run_address>0x99e</run_address>
         <size>0xea</size>
         <input_file_ref idref="fl-3"/>
      </object_component>
      <object_component id="oc-25b">
         <name>.debug_info</name>
         <load_address>0xa88</load_address>
         <run_address>0xa88</run_address>
         <size>0x124</size>
         <input_file_ref idref="fl-3"/>
      </object_component>
      <object_component id="oc-260">
         <name>.debug_info</name>
         <load_address>0xbac</load_address>
         <run_address>0xbac</run_address>
         <size>0x18b</size>
         <input_file_ref idref="fl-3"/>
      </object_component>
      <object_component id="oc-3e7">
         <name>.debug_info</name>
         <load_address>0xd37</load_address>
         <run_address>0xd37</run_address>
         <size>0x2a4</size>
         <input_file_ref idref="fl-4"/>
      </object_component>
      <object_component id="oc-3b9">
         <name>.debug_info</name>
         <load_address>0xfdb</load_address>
         <run_address>0xfdb</run_address>
         <size>0x28f</size>
         <input_file_ref idref="fl-4"/>
      </object_component>
      <object_component id="oc-3e2">
         <name>.debug_info</name>
         <load_address>0x126a</load_address>
         <run_address>0x126a</run_address>
         <size>0x2ce</size>
         <input_file_ref idref="fl-4"/>
      </object_component>
      <object_component id="oc-13a">
         <name>.debug_info</name>
         <load_address>0x1538</load_address>
         <run_address>0x1538</run_address>
         <size>0x124</size>
         <input_file_ref idref="fl-4"/>
      </object_component>
      <object_component id="oc-38c">
         <name>.debug_info</name>
         <load_address>0x165c</load_address>
         <run_address>0x165c</run_address>
         <size>0x258</size>
         <input_file_ref idref="fl-5"/>
      </object_component>
      <object_component id="oc-3a6">
         <name>.debug_info</name>
         <load_address>0x18b4</load_address>
         <run_address>0x18b4</run_address>
         <size>0xde</size>
         <input_file_ref idref="fl-5"/>
      </object_component>
      <object_component id="oc-38f">
         <name>.debug_info</name>
         <load_address>0x1992</load_address>
         <run_address>0x1992</run_address>
         <size>0x1bf</size>
         <input_file_ref idref="fl-5"/>
      </object_component>
      <object_component id="oc-3a9">
         <name>.debug_info</name>
         <load_address>0x1b51</load_address>
         <run_address>0x1b51</run_address>
         <size>0x204</size>
         <input_file_ref idref="fl-5"/>
      </object_component>
      <object_component id="oc-343">
         <name>.debug_info</name>
         <load_address>0x1d55</load_address>
         <run_address>0x1d55</run_address>
         <size>0x198</size>
         <input_file_ref idref="fl-5"/>
      </object_component>
      <object_component id="oc-349">
         <name>.debug_info</name>
         <load_address>0x1eed</load_address>
         <run_address>0x1eed</run_address>
         <size>0x207</size>
         <input_file_ref idref="fl-5"/>
      </object_component>
      <object_component id="oc-365">
         <name>.debug_info</name>
         <load_address>0x20f4</load_address>
         <run_address>0x20f4</run_address>
         <size>0x347</size>
         <input_file_ref idref="fl-5"/>
      </object_component>
      <object_component id="oc-332">
         <name>.debug_info</name>
         <load_address>0x243b</load_address>
         <run_address>0x243b</run_address>
         <size>0x2e2</size>
         <input_file_ref idref="fl-6"/>
      </object_component>
      <object_component id="oc-2dd">
         <name>.debug_info</name>
         <load_address>0x271d</load_address>
         <run_address>0x271d</run_address>
         <size>0x1c4</size>
         <input_file_ref idref="fl-6"/>
      </object_component>
      <object_component id="oc-3d1">
         <name>.debug_info</name>
         <load_address>0x28e1</load_address>
         <run_address>0x28e1</run_address>
         <size>0x149</size>
         <input_file_ref idref="fl-6"/>
      </object_component>
      <object_component id="oc-2f5">
         <name>.debug_info</name>
         <load_address>0x2a2a</load_address>
         <run_address>0x2a2a</run_address>
         <size>0x19a</size>
         <input_file_ref idref="fl-7"/>
      </object_component>
      <object_component id="oc-3ca">
         <name>.debug_info</name>
         <load_address>0x2bc4</load_address>
         <run_address>0x2bc4</run_address>
         <size>0x1c3</size>
         <input_file_ref idref="fl-7"/>
      </object_component>
      <object_component id="oc-30f">
         <name>.debug_info</name>
         <load_address>0x2d87</load_address>
         <run_address>0x2d87</run_address>
         <size>0x1be</size>
         <input_file_ref idref="fl-7"/>
      </object_component>
      <object_component id="oc-35e">
         <name>.debug_info</name>
         <load_address>0x2f45</load_address>
         <run_address>0x2f45</run_address>
         <size>0x76</size>
         <input_file_ref idref="fl-7"/>
      </object_component>
      <object_component id="oc-1eb">
         <name>.debug_info</name>
         <load_address>0x2fbb</load_address>
         <run_address>0x2fbb</run_address>
         <size>0x242</size>
         <input_file_ref idref="fl-8"/>
      </object_component>
      <object_component id="oc-199">
         <name>.debug_info</name>
         <load_address>0x31fd</load_address>
         <run_address>0x31fd</run_address>
         <size>0xe7</size>
         <input_file_ref idref="fl-8"/>
      </object_component>
      <object_component id="oc-3f3">
         <name>.debug_info</name>
         <load_address>0x32e4</load_address>
         <run_address>0x32e4</run_address>
         <size>0xf6</size>
         <input_file_ref idref="fl-8"/>
      </object_component>
      <object_component id="oc-337">
         <name>.debug_info</name>
         <load_address>0x33da</load_address>
         <run_address>0x33da</run_address>
         <size>0x14b</size>
         <input_file_ref idref="fl-8"/>
      </object_component>
      <object_component id="oc-39e">
         <name>.debug_info</name>
         <load_address>0x3525</load_address>
         <run_address>0x3525</run_address>
         <size>0x216</size>
         <input_file_ref idref="fl-8"/>
      </object_component>
      <object_component id="oc-3d7">
         <name>.debug_info</name>
         <load_address>0x373b</load_address>
         <run_address>0x373b</run_address>
         <size>0x1c3</size>
         <input_file_ref idref="fl-8"/>
      </object_component>
      <object_component id="oc-253">
         <name>.debug_info</name>
         <load_address>0x38fe</load_address>
         <run_address>0x38fe</run_address>
         <size>0x155</size>
         <input_file_ref idref="fl-8"/>
      </object_component>
      <object_component id="oc-250">
         <name>.debug_info</name>
         <load_address>0x3a53</load_address>
         <run_address>0x3a53</run_address>
         <size>0x4dc</size>
         <input_file_ref idref="fl-9"/>
      </object_component>
      <object_component id="oc-334">
         <name>.debug_info</name>
         <load_address>0x3f2f</load_address>
         <run_address>0x3f2f</run_address>
         <size>0xdf</size>
         <input_file_ref idref="fl-9"/>
      </object_component>
      <object_component id="oc-1e0">
         <name>.debug_info</name>
         <load_address>0x400e</load_address>
         <run_address>0x400e</run_address>
         <size>0xdf</size>
         <input_file_ref idref="fl-9"/>
      </object_component>
      <object_component id="oc-196">
         <name>.debug_info</name>
         <load_address>0x40ed</load_address>
         <run_address>0x40ed</run_address>
         <size>0xe5</size>
         <input_file_ref idref="fl-9"/>
      </object_component>
      <object_component id="oc-322">
         <name>.debug_info</name>
         <load_address>0x41d2</load_address>
         <run_address>0x41d2</run_address>
         <size>0x15c</size>
         <input_file_ref idref="fl-9"/>
      </object_component>
      <object_component id="oc-31d">
         <name>.debug_info</name>
         <load_address>0x432e</load_address>
         <run_address>0x432e</run_address>
         <size>0x166</size>
         <input_file_ref idref="fl-9"/>
      </object_component>
      <object_component id="oc-317">
         <name>.debug_info</name>
         <load_address>0x4494</load_address>
         <run_address>0x4494</run_address>
         <size>0x168</size>
         <input_file_ref idref="fl-9"/>
      </object_component>
      <object_component id="oc-305">
         <name>.debug_info</name>
         <load_address>0x45fc</load_address>
         <run_address>0x45fc</run_address>
         <size>0x193</size>
         <input_file_ref idref="fl-9"/>
      </object_component>
      <object_component id="oc-2fe">
         <name>.debug_info</name>
         <load_address>0x478f</load_address>
         <run_address>0x478f</run_address>
         <size>0x156</size>
         <input_file_ref idref="fl-9"/>
      </object_component>
      <object_component id="oc-2eb">
         <name>.debug_info</name>
         <load_address>0x48e5</load_address>
         <run_address>0x48e5</run_address>
         <size>0x1cf</size>
         <input_file_ref idref="fl-9"/>
      </object_component>
      <object_component id="oc-2f1">
         <name>.debug_info</name>
         <load_address>0x4ab4</load_address>
         <run_address>0x4ab4</run_address>
         <size>0x156</size>
         <input_file_ref idref="fl-9"/>
      </object_component>
      <object_component id="oc-358">
         <name>.debug_info</name>
         <load_address>0x4c0a</load_address>
         <run_address>0x4c0a</run_address>
         <size>0x14f</size>
         <input_file_ref idref="fl-9"/>
      </object_component>
      <object_component id="oc-352">
         <name>.debug_info</name>
         <load_address>0x4d59</load_address>
         <run_address>0x4d59</run_address>
         <size>0x20e</size>
         <input_file_ref idref="fl-9"/>
      </object_component>
      <object_component id="oc-39a">
         <name>.debug_info</name>
         <load_address>0x4f67</load_address>
         <run_address>0x4f67</run_address>
         <size>0x25b</size>
         <input_file_ref idref="fl-9"/>
      </object_component>
      <object_component id="oc-12a">
         <name>.debug_info</name>
         <load_address>0x51c2</load_address>
         <run_address>0x51c2</run_address>
         <size>0x146</size>
         <input_file_ref idref="fl-9"/>
      </object_component>
      <object_component id="oc-130">
         <name>.debug_info</name>
         <load_address>0x5308</load_address>
         <run_address>0x5308</run_address>
         <size>0x146</size>
         <input_file_ref idref="fl-9"/>
      </object_component>
      <object_component id="oc-29e">
         <name>.debug_info</name>
         <load_address>0x544e</load_address>
         <run_address>0x544e</run_address>
         <size>0x83</size>
         <input_file_ref idref="fl-9"/>
      </object_component>
      <object_component id="oc-187">
         <name>.debug_info</name>
         <load_address>0x54d1</load_address>
         <run_address>0x54d1</run_address>
         <size>0x2c</size>
         <input_file_ref idref="fl-9"/>
      </object_component>
      <object_component id="oc-1e4">
         <name>.debug_info</name>
         <load_address>0x54fd</load_address>
         <run_address>0x54fd</run_address>
         <size>0x109</size>
         <input_file_ref idref="fl-9"/>
      </object_component>
      <object_component id="oc-19d">
         <name>.debug_info</name>
         <load_address>0x5606</load_address>
         <run_address>0x5606</run_address>
         <size>0xe6</size>
         <input_file_ref idref="fl-a"/>
      </object_component>
      <object_component id="oc-233">
         <name>.debug_info</name>
         <load_address>0x56ec</load_address>
         <run_address>0x56ec</run_address>
         <size>0x159</size>
         <input_file_ref idref="fl-a"/>
      </object_component>
      <object_component id="oc-28f">
         <name>.debug_info</name>
         <load_address>0x5845</load_address>
         <run_address>0x5845</run_address>
         <size>0x1b9</size>
         <input_file_ref idref="fl-a"/>
      </object_component>
      <object_component id="oc-2c6">
         <name>.debug_info</name>
         <load_address>0x59fe</load_address>
         <run_address>0x59fe</run_address>
         <size>0x169</size>
         <input_file_ref idref="fl-a"/>
      </object_component>
      <object_component id="oc-3fb">
         <name>.debug_info</name>
         <load_address>0x5b67</load_address>
         <run_address>0x5b67</run_address>
         <size>0x171</size>
         <input_file_ref idref="fl-a"/>
      </object_component>
      <object_component id="oc-401">
         <name>.debug_info</name>
         <load_address>0x5cd8</load_address>
         <run_address>0x5cd8</run_address>
         <size>0x187</size>
         <input_file_ref idref="fl-a"/>
      </object_component>
      <object_component id="oc-407">
         <name>.debug_info</name>
         <load_address>0x5e5f</load_address>
         <run_address>0x5e5f</run_address>
         <size>0x171</size>
         <input_file_ref idref="fl-a"/>
      </object_component>
      <object_component id="oc-32d">
         <name>.debug_info</name>
         <load_address>0x5fd0</load_address>
         <run_address>0x5fd0</run_address>
         <size>0x3ac</size>
         <input_file_ref idref="fl-b"/>
      </object_component>
      <object_component id="oc-284">
         <name>.debug_info</name>
         <load_address>0x637c</load_address>
         <run_address>0x637c</run_address>
         <size>0xe8</size>
         <input_file_ref idref="fl-b"/>
      </object_component>
      <object_component id="oc-2cd">
         <name>.debug_info</name>
         <load_address>0x6464</load_address>
         <run_address>0x6464</run_address>
         <size>0xfe</size>
         <input_file_ref idref="fl-b"/>
      </object_component>
      <object_component id="oc-30c">
         <name>.debug_info</name>
         <load_address>0x6562</load_address>
         <run_address>0x6562</run_address>
         <size>0xe2</size>
         <input_file_ref idref="fl-b"/>
      </object_component>
      <object_component id="oc-3bf">
         <name>.debug_info</name>
         <load_address>0x6644</load_address>
         <run_address>0x6644</run_address>
         <size>0x141</size>
         <input_file_ref idref="fl-b"/>
      </object_component>
      <object_component id="oc-239">
         <name>.debug_info</name>
         <load_address>0x6785</load_address>
         <run_address>0x6785</run_address>
         <size>0x15e</size>
         <input_file_ref idref="fl-b"/>
      </object_component>
      <object_component id="oc-295">
         <name>.debug_info</name>
         <load_address>0x68e3</load_address>
         <run_address>0x68e3</run_address>
         <size>0x1c4</size>
         <input_file_ref idref="fl-b"/>
      </object_component>
      <object_component id="oc-2d1">
         <name>.debug_info</name>
         <load_address>0x6aa7</load_address>
         <run_address>0x6aa7</run_address>
         <size>0x26f</size>
         <input_file_ref idref="fl-b"/>
      </object_component>
      <object_component id="oc-1fc">
         <name>.debug_info</name>
         <load_address>0x6d16</load_address>
         <run_address>0x6d16</run_address>
         <size>0x3b0</size>
         <input_file_ref idref="fl-c"/>
      </object_component>
      <object_component id="oc-1a0">
         <name>.debug_info</name>
         <load_address>0x70c6</load_address>
         <run_address>0x70c6</run_address>
         <size>0xd8</size>
         <input_file_ref idref="fl-c"/>
      </object_component>
      <object_component id="oc-24b">
         <name>.debug_info</name>
         <load_address>0x719e</load_address>
         <run_address>0x719e</run_address>
         <size>0xf1</size>
         <input_file_ref idref="fl-c"/>
      </object_component>
      <object_component id="oc-1a4">
         <name>.debug_info</name>
         <load_address>0x728f</load_address>
         <run_address>0x728f</run_address>
         <size>0x10d</size>
         <input_file_ref idref="fl-c"/>
      </object_component>
      <object_component id="oc-1ce">
         <name>.debug_info</name>
         <load_address>0x739c</load_address>
         <run_address>0x739c</run_address>
         <size>0x188</size>
         <input_file_ref idref="fl-c"/>
      </object_component>
      <object_component id="oc-1d4">
         <name>.debug_info</name>
         <load_address>0x7524</load_address>
         <run_address>0x7524</run_address>
         <size>0x15e</size>
         <input_file_ref idref="fl-c"/>
      </object_component>
      <object_component id="oc-27c">
         <name>.debug_info</name>
         <load_address>0x7682</load_address>
         <run_address>0x7682</run_address>
         <size>0x190</size>
         <input_file_ref idref="fl-c"/>
      </object_component>
      <object_component id="oc-327">
         <name>.debug_info</name>
         <load_address>0x7812</load_address>
         <run_address>0x7812</run_address>
         <size>0x231</size>
         <input_file_ref idref="fl-c"/>
      </object_component>
      <object_component id="oc-3c4">
         <name>.debug_info</name>
         <load_address>0x7a43</load_address>
         <run_address>0x7a43</run_address>
         <size>0x1b1</size>
         <input_file_ref idref="fl-c"/>
      </object_component>
      <object_component id="oc-3ea">
         <name>.debug_info</name>
         <load_address>0x7bf4</load_address>
         <run_address>0x7bf4</run_address>
         <size>0x194</size>
         <input_file_ref idref="fl-c"/>
      </object_component>
      <object_component id="oc-245">
         <name>.debug_info</name>
         <load_address>0x7d88</load_address>
         <run_address>0x7d88</run_address>
         <size>0x151</size>
         <input_file_ref idref="fl-c"/>
      </object_component>
      <object_component id="oc-134">
         <name>.debug_info</name>
         <load_address>0x7ed9</load_address>
         <run_address>0x7ed9</run_address>
         <size>0x131</size>
         <input_file_ref idref="fl-c"/>
      </object_component>
      <object_component id="oc-23f">
         <name>.debug_info</name>
         <load_address>0x800a</load_address>
         <run_address>0x800a</run_address>
         <size>0xf3</size>
         <input_file_ref idref="fl-c"/>
      </object_component>
      <object_component id="oc-330">
         <name>.debug_info</name>
         <load_address>0x80fd</load_address>
         <run_address>0x80fd</run_address>
         <size>0x3c9</size>
         <input_file_ref idref="fl-d"/>
      </object_component>
      <object_component id="oc-273">
         <name>.debug_info</name>
         <load_address>0x84c6</load_address>
         <run_address>0x84c6</run_address>
         <size>0xe5</size>
         <input_file_ref idref="fl-d"/>
      </object_component>
      <object_component id="oc-2d9">
         <name>.debug_info</name>
         <load_address>0x85ab</load_address>
         <run_address>0x85ab</run_address>
         <size>0xd7</size>
         <input_file_ref idref="fl-d"/>
      </object_component>
      <object_component id="oc-22d">
         <name>.debug_info</name>
         <load_address>0x8682</load_address>
         <run_address>0x8682</run_address>
         <size>0x17e</size>
         <input_file_ref idref="fl-d"/>
      </object_component>
      <object_component id="oc-289">
         <name>.debug_info</name>
         <load_address>0x8800</load_address>
         <run_address>0x8800</run_address>
         <size>0x1b4</size>
         <input_file_ref idref="fl-d"/>
      </object_component>
      <object_component id="oc-2bf">
         <name>.debug_info</name>
         <load_address>0x89b4</load_address>
         <run_address>0x89b4</run_address>
         <size>0x15d</size>
         <input_file_ref idref="fl-d"/>
      </object_component>
      <object_component id="oc-276">
         <name>.debug_info</name>
         <load_address>0x8b11</load_address>
         <run_address>0x8b11</run_address>
         <size>0x168</size>
         <input_file_ref idref="fl-d"/>
      </object_component>
      <object_component id="oc-2aa">
         <name>.debug_info</name>
         <load_address>0x8c79</load_address>
         <run_address>0x8c79</run_address>
         <size>0x181</size>
         <input_file_ref idref="fl-d"/>
      </object_component>
      <object_component id="oc-2af">
         <name>.debug_info</name>
         <load_address>0x8dfa</load_address>
         <run_address>0x8dfa</run_address>
         <size>0x12f</size>
         <input_file_ref idref="fl-d"/>
      </object_component>
      <object_component id="oc-2b6">
         <name>.debug_info</name>
         <load_address>0x8f29</load_address>
         <run_address>0x8f29</run_address>
         <size>0x1a6</size>
         <input_file_ref idref="fl-d"/>
      </object_component>
      <object_component id="oc-f2">
         <name>.debug_info</name>
         <load_address>0x90cf</load_address>
         <run_address>0x90cf</run_address>
         <size>0xf5</size>
         <input_file_ref idref="fl-28"/>
      </object_component>
      <object_component id="oc-6c">
         <name>.debug_info</name>
         <load_address>0x91c4</load_address>
         <run_address>0x91c4</run_address>
         <size>0x196</size>
         <input_file_ref idref="fl-29"/>
      </object_component>
      <object_component id="oc-184">
         <name>.debug_info</name>
         <load_address>0x935a</load_address>
         <run_address>0x935a</run_address>
         <size>0x16b</size>
         <input_file_ref idref="fl-2a"/>
      </object_component>
      <object_component id="oc-37">
         <name>.debug_info</name>
         <load_address>0x94c5</load_address>
         <run_address>0x94c5</run_address>
         <size>0x287</size>
         <input_file_ref idref="fl-2a"/>
      </object_component>
      <object_component id="oc-105">
         <name>.debug_info</name>
         <load_address>0x974c</load_address>
         <run_address>0x974c</run_address>
         <size>0x60</size>
         <input_file_ref idref="fl-2a"/>
      </object_component>
      <object_component id="oc-17f">
         <name>.debug_info</name>
         <load_address>0x97ac</load_address>
         <run_address>0x97ac</run_address>
         <size>0x46</size>
         <input_file_ref idref="fl-2a"/>
      </object_component>
      <object_component id="oc-11b">
         <name>.debug_info</name>
         <load_address>0x97f2</load_address>
         <run_address>0x97f2</run_address>
         <size>0x1b2</size>
         <input_file_ref idref="fl-2b"/>
      </object_component>
      <object_component id="oc-3d">
         <name>.debug_info</name>
         <load_address>0x99a4</load_address>
         <run_address>0x99a4</run_address>
         <size>0x1df</size>
         <input_file_ref idref="fl-2b"/>
      </object_component>
      <object_component id="oc-116">
         <name>.debug_info</name>
         <load_address>0x9b83</load_address>
         <run_address>0x9b83</run_address>
         <size>0x46</size>
         <input_file_ref idref="fl-2b"/>
      </object_component>
      <object_component id="oc-18c">
         <name>.debug_info</name>
         <load_address>0x9bc9</load_address>
         <run_address>0x9bc9</run_address>
         <size>0x2c</size>
         <input_file_ref idref="fl-2b"/>
      </object_component>
      <object_component id="oc-145">
         <name>.debug_info</name>
         <load_address>0x9bf5</load_address>
         <run_address>0x9bf5</run_address>
         <size>0x16a</size>
         <input_file_ref idref="fl-2c"/>
      </object_component>
      <object_component id="oc-50">
         <name>.debug_info</name>
         <load_address>0x9d5f</load_address>
         <run_address>0x9d5f</run_address>
         <size>0x1b5</size>
         <input_file_ref idref="fl-2c"/>
      </object_component>
      <object_component id="oc-140">
         <name>.debug_info</name>
         <load_address>0x9f14</load_address>
         <run_address>0x9f14</run_address>
         <size>0x46</size>
         <input_file_ref idref="fl-2c"/>
      </object_component>
      <object_component id="oc-100">
         <name>.debug_info</name>
         <load_address>0x9f5a</load_address>
         <run_address>0x9f5a</run_address>
         <size>0x126</size>
         <input_file_ref idref="fl-2e"/>
      </object_component>
      <object_component id="oc-16f">
         <name>.debug_info</name>
         <load_address>0xa080</load_address>
         <run_address>0xa080</run_address>
         <size>0x117</size>
         <input_file_ref idref="fl-2f"/>
      </object_component>
      <object_component id="oc-375">
         <name>.debug_info</name>
         <load_address>0xa197</load_address>
         <run_address>0xa197</run_address>
         <size>0x119</size>
         <input_file_ref idref="fl-31"/>
      </object_component>
      <object_component id="oc-37a">
         <name>.debug_info</name>
         <load_address>0xa2b0</load_address>
         <run_address>0xa2b0</run_address>
         <size>0x127</size>
         <input_file_ref idref="fl-32"/>
      </object_component>
      <object_component id="oc-36e">
         <name>.debug_info</name>
         <load_address>0xa3d7</load_address>
         <run_address>0xa3d7</run_address>
         <size>0x11c</size>
         <input_file_ref idref="fl-33"/>
      </object_component>
      <object_component id="oc-11e">
         <name>.debug_info</name>
         <load_address>0xa4f3</load_address>
         <run_address>0xa4f3</run_address>
         <size>0x107</size>
         <input_file_ref idref="fl-37"/>
      </object_component>
      <object_component id="oc-f8">
         <name>.debug_info</name>
         <load_address>0xa5fa</load_address>
         <run_address>0xa5fa</run_address>
         <size>0x118</size>
         <input_file_ref idref="fl-38"/>
      </object_component>
      <object_component id="oc-fd">
         <name>.debug_info</name>
         <load_address>0xa712</load_address>
         <run_address>0xa712</run_address>
         <size>0x118</size>
         <input_file_ref idref="fl-39"/>
      </object_component>
      <object_component id="oc-186">
         <name>.debug_info</name>
         <load_address>0xa82a</load_address>
         <run_address>0xa82a</run_address>
         <size>0x16d</size>
         <input_file_ref idref="fl-3a"/>
      </object_component>
      <object_component id="oc-112">
         <name>.debug_info</name>
         <load_address>0xa997</load_address>
         <run_address>0xa997</run_address>
         <size>0x191</size>
         <input_file_ref idref="fl-3a"/>
      </object_component>
      <object_component id="oc-1fe">
         <name>.debug_info</name>
         <load_address>0xab28</load_address>
         <run_address>0xab28</run_address>
         <size>0x119</size>
         <input_file_ref idref="fl-3c"/>
      </object_component>
      <object_component id="oc-14a">
         <name>.debug_info</name>
         <load_address>0xac41</load_address>
         <run_address>0xac41</run_address>
         <size>0x148</size>
         <input_file_ref idref="fl-3d"/>
      </object_component>
      <object_component id="oc-1b8">
         <name>.debug_info</name>
         <load_address>0xad89</load_address>
         <run_address>0xad89</run_address>
         <size>0x3b6</size>
         <input_file_ref idref="fl-40"/>
      </object_component>
      <object_component id="oc-14f">
         <name>.debug_info</name>
         <load_address>0xb13f</load_address>
         <run_address>0xb13f</run_address>
         <size>0x1c2</size>
         <input_file_ref idref="fl-40"/>
      </object_component>
      <object_component id="oc-207">
         <name>.debug_info</name>
         <load_address>0xb301</load_address>
         <run_address>0xb301</run_address>
         <size>0x39</size>
         <input_file_ref idref="fl-40"/>
      </object_component>
      <object_component id="oc-20c">
         <name>.debug_info</name>
         <load_address>0xb33a</load_address>
         <run_address>0xb33a</run_address>
         <size>0xcd</size>
         <input_file_ref idref="fl-40"/>
      </object_component>
      <object_component id="oc-203">
         <name>.debug_info</name>
         <load_address>0xb407</load_address>
         <run_address>0xb407</run_address>
         <size>0x252</size>
         <input_file_ref idref="fl-41"/>
      </object_component>
      <object_component id="oc-1ad">
         <name>.debug_info</name>
         <load_address>0xb659</load_address>
         <run_address>0xb659</run_address>
         <size>0x1b0</size>
         <input_file_ref idref="fl-41"/>
      </object_component>
      <object_component id="oc-268">
         <name>.debug_info</name>
         <load_address>0xb809</load_address>
         <run_address>0xb809</run_address>
         <size>0x2c</size>
         <input_file_ref idref="fl-41"/>
      </object_component>
      <object_component id="oc-1b3">
         <name>.debug_info</name>
         <load_address>0xb835</load_address>
         <run_address>0xb835</run_address>
         <size>0x145</size>
         <input_file_ref idref="fl-42"/>
      </object_component>
      <object_component id="oc-44d">
         <name>.debug_info</name>
         <load_address>0xb97a</load_address>
         <run_address>0xb97a</run_address>
         <size>0x9b</size>
      </object_component>
      <object_component id="oc-2a4">
         <name>.debug_line</name>
         <load_address>0x0</load_address>
         <run_address>0x0</run_address>
         <size>0x97</size>
         <input_file_ref idref="fl-2"/>
      </object_component>
      <object_component id="oc-16b">
         <name>.debug_line</name>
         <load_address>0x97</load_address>
         <run_address>0x97</run_address>
         <size>0x53</size>
         <input_file_ref idref="fl-2"/>
      </object_component>
      <object_component id="oc-125">
         <name>.debug_line</name>
         <load_address>0xea</load_address>
         <run_address>0xea</run_address>
         <size>0x4c</size>
         <input_file_ref idref="fl-2"/>
      </object_component>
      <object_component id="oc-2e5">
         <name>.debug_line</name>
         <load_address>0x136</load_address>
         <run_address>0x136</run_address>
         <size>0x66</size>
         <input_file_ref idref="fl-2"/>
      </object_component>
      <object_component id="oc-1f1">
         <name>.debug_line</name>
         <load_address>0x19c</load_address>
         <run_address>0x19c</run_address>
         <size>0x65</size>
         <input_file_ref idref="fl-2"/>
      </object_component>
      <object_component id="oc-10d">
         <name>.debug_line</name>
         <load_address>0x201</load_address>
         <run_address>0x201</run_address>
         <size>0x20</size>
         <input_file_ref idref="fl-2"/>
      </object_component>
      <object_component id="oc-1f8">
         <name>.debug_line</name>
         <load_address>0x221</load_address>
         <run_address>0x221</run_address>
         <size>0x62</size>
         <input_file_ref idref="fl-2"/>
      </object_component>
      <object_component id="oc-2d7">
         <name>.debug_line</name>
         <load_address>0x283</load_address>
         <run_address>0x283</run_address>
         <size>0x55</size>
         <input_file_ref idref="fl-3"/>
      </object_component>
      <object_component id="oc-3b3">
         <name>.debug_line</name>
         <load_address>0x2d8</load_address>
         <run_address>0x2d8</run_address>
         <size>0x3e</size>
         <input_file_ref idref="fl-3"/>
      </object_component>
      <object_component id="oc-38a">
         <name>.debug_line</name>
         <load_address>0x316</load_address>
         <run_address>0x316</run_address>
         <size>0x3e</size>
         <input_file_ref idref="fl-3"/>
      </object_component>
      <object_component id="oc-25e">
         <name>.debug_line</name>
         <load_address>0x354</load_address>
         <run_address>0x354</run_address>
         <size>0x3e</size>
         <input_file_ref idref="fl-3"/>
      </object_component>
      <object_component id="oc-263">
         <name>.debug_line</name>
         <load_address>0x392</load_address>
         <run_address>0x392</run_address>
         <size>0x68</size>
         <input_file_ref idref="fl-3"/>
      </object_component>
      <object_component id="oc-3f8">
         <name>.debug_line</name>
         <load_address>0x3fa</load_address>
         <run_address>0x3fa</run_address>
         <size>0xa1</size>
         <input_file_ref idref="fl-4"/>
      </object_component>
      <object_component id="oc-3b8">
         <name>.debug_line</name>
         <load_address>0x49b</load_address>
         <run_address>0x49b</run_address>
         <size>0xaf</size>
         <input_file_ref idref="fl-4"/>
      </object_component>
      <object_component id="oc-3e1">
         <name>.debug_line</name>
         <load_address>0x54a</load_address>
         <run_address>0x54a</run_address>
         <size>0xad</size>
         <input_file_ref idref="fl-4"/>
      </object_component>
      <object_component id="oc-13e">
         <name>.debug_line</name>
         <load_address>0x5f7</load_address>
         <run_address>0x5f7</run_address>
         <size>0x4e</size>
         <input_file_ref idref="fl-4"/>
      </object_component>
      <object_component id="oc-3b5">
         <name>.debug_line</name>
         <load_address>0x645</load_address>
         <run_address>0x645</run_address>
         <size>0x52</size>
         <input_file_ref idref="fl-5"/>
      </object_component>
      <object_component id="oc-3de">
         <name>.debug_line</name>
         <load_address>0x697</load_address>
         <run_address>0x697</run_address>
         <size>0x3a</size>
         <input_file_ref idref="fl-5"/>
      </object_component>
      <object_component id="oc-392">
         <name>.debug_line</name>
         <load_address>0x6d1</load_address>
         <run_address>0x6d1</run_address>
         <size>0x5d</size>
         <input_file_ref idref="fl-5"/>
      </object_component>
      <object_component id="oc-3ac">
         <name>.debug_line</name>
         <load_address>0x72e</load_address>
         <run_address>0x72e</run_address>
         <size>0x53</size>
         <input_file_ref idref="fl-5"/>
      </object_component>
      <object_component id="oc-342">
         <name>.debug_line</name>
         <load_address>0x781</load_address>
         <run_address>0x781</run_address>
         <size>0x50</size>
         <input_file_ref idref="fl-5"/>
      </object_component>
      <object_component id="oc-348">
         <name>.debug_line</name>
         <load_address>0x7d1</load_address>
         <run_address>0x7d1</run_address>
         <size>0x69</size>
         <input_file_ref idref="fl-5"/>
      </object_component>
      <object_component id="oc-364">
         <name>.debug_line</name>
         <load_address>0x83a</load_address>
         <run_address>0x83a</run_address>
         <size>0x142</size>
         <input_file_ref idref="fl-5"/>
      </object_component>
      <object_component id="oc-382">
         <name>.debug_line</name>
         <load_address>0x97c</load_address>
         <run_address>0x97c</run_address>
         <size>0x55</size>
         <input_file_ref idref="fl-6"/>
      </object_component>
      <object_component id="oc-2dc">
         <name>.debug_line</name>
         <load_address>0x9d1</load_address>
         <run_address>0x9d1</run_address>
         <size>0xa8</size>
         <input_file_ref idref="fl-6"/>
      </object_component>
      <object_component id="oc-3d0">
         <name>.debug_line</name>
         <load_address>0xa79</load_address>
         <run_address>0xa79</run_address>
         <size>0x58</size>
         <input_file_ref idref="fl-6"/>
      </object_component>
      <object_component id="oc-2f8">
         <name>.debug_line</name>
         <load_address>0xad1</load_address>
         <run_address>0xad1</run_address>
         <size>0x5c</size>
         <input_file_ref idref="fl-7"/>
      </object_component>
      <object_component id="oc-3cd">
         <name>.debug_line</name>
         <load_address>0xb2d</load_address>
         <run_address>0xb2d</run_address>
         <size>0x5d</size>
         <input_file_ref idref="fl-7"/>
      </object_component>
      <object_component id="oc-313">
         <name>.debug_line</name>
         <load_address>0xb8a</load_address>
         <run_address>0xb8a</run_address>
         <size>0x5e</size>
         <input_file_ref idref="fl-7"/>
      </object_component>
      <object_component id="oc-361">
         <name>.debug_line</name>
         <load_address>0xbe8</load_address>
         <run_address>0xbe8</run_address>
         <size>0x48</size>
         <input_file_ref idref="fl-7"/>
      </object_component>
      <object_component id="oc-252">
         <name>.debug_line</name>
         <load_address>0xc30</load_address>
         <run_address>0xc30</run_address>
         <size>0x45</size>
         <input_file_ref idref="fl-8"/>
      </object_component>
      <object_component id="oc-1ea">
         <name>.debug_line</name>
         <load_address>0xc75</load_address>
         <run_address>0xc75</run_address>
         <size>0x45</size>
         <input_file_ref idref="fl-8"/>
      </object_component>
      <object_component id="oc-40d">
         <name>.debug_line</name>
         <load_address>0xcba</load_address>
         <run_address>0xcba</run_address>
         <size>0x45</size>
         <input_file_ref idref="fl-8"/>
      </object_component>
      <object_component id="oc-33a">
         <name>.debug_line</name>
         <load_address>0xcff</load_address>
         <run_address>0xcff</run_address>
         <size>0x5c</size>
         <input_file_ref idref="fl-8"/>
      </object_component>
      <object_component id="oc-3a1">
         <name>.debug_line</name>
         <load_address>0xd5b</load_address>
         <run_address>0xd5b</run_address>
         <size>0x74</size>
         <input_file_ref idref="fl-8"/>
      </object_component>
      <object_component id="oc-3da">
         <name>.debug_line</name>
         <load_address>0xdcf</load_address>
         <run_address>0xdcf</run_address>
         <size>0x6b</size>
         <input_file_ref idref="fl-8"/>
      </object_component>
      <object_component id="oc-256">
         <name>.debug_line</name>
         <load_address>0xe3a</load_address>
         <run_address>0xe3a</run_address>
         <size>0x69</size>
         <input_file_ref idref="fl-8"/>
      </object_component>
      <object_component id="oc-29d">
         <name>.debug_line</name>
         <load_address>0xea3</load_address>
         <run_address>0xea3</run_address>
         <size>0x1f7</size>
         <input_file_ref idref="fl-9"/>
      </object_component>
[...]
      <symbol id="sm-c7">
         <name>__TI_int08</name>
         <value>0xfff0</value>
         <object_component_ref idref="oc-46"/>
      </symbol>
      <symbol id="sm-c8">
         <name>__TI_int05</name>
         <value>0xffea</value>
         <object_component_ref idref="oc-43"/>
      </symbol>
      <symbol id="sm-c9">
         <name>__TI_int02</name>
         <value>0xffe4</value>
         <object_component_ref idref="oc-41"/>
      </symbol>
      <symbol id="sm-ca">
         <name>__TI_int03</name>
         <value>0xffe6</value>
         <object_component_ref idref="oc-42"/>
      </symbol>
      <symbol id="sm-cb">
         <name>__TI_int14</name>
         <value>0xfffc</value>
         <object_component_ref idref="oc-4c"/>
      </symbol>
      <symbol id="sm-cc">
         <name>__TI_int11</name>
         <value>0xfff6</value>
         <object_component_ref idref="oc-49"/>
      </symbol>
      <symbol id="sm-cd">
         <name>ISR_trap</name>
         <value>0xd4d0</value>
         <object_component_ref idref="oc-121"/>
      </symbol>
      <symbol id="sm-ce">
         <name>main</name>
         <value>0xd432</value>
         <object_component_ref idref="oc-166"/>
      </symbol>
      <symbol id="sm-e7">
         <name>fuelprobe_element</name>
         <value>0xd50a</value>
         <object_component_ref idref="oc-386"/>
      </symbol>
      <symbol id="sm-e8">
         <name>fuelprobe_sensor</name>
         <value>0xd514</value>
         <object_component_ref idref="oc-33e"/>
      </symbol>
      <symbol id="sm-111">
         <name>TI_CTS_RO_PINOSC_TA0_WDTp_HAL_ALT</name>
         <value>0xc544</value>
         <object_component_ref idref="oc-3df"/>
      </symbol>
      <symbol id="sm-112">
         <name>__TI_int10</name>
         <value>0xfff4</value>
         <object_component_ref idref="oc-48"/>
      </symbol>
      <symbol id="sm-113">
         <name>watchdog_timer</name>
         <value>0xd4c8</value>
         <object_component_ref idref="oc-139"/>
      </symbol>
      <symbol id="sm-114">
         <name>TI_CTS_RO_PINOSC_TA0_WDTp_HAL</name>
         <value>0xc6bc</value>
         <object_component_ref idref="oc-3b6"/>
      </symbol>
      <symbol id="sm-165">
         <name>baseCnt</name>
         <value>0x246</value>
      </symbol>
      <symbol id="sm-166">
         <name>measCnt</name>
         <value>0x248</value>
      </symbol>
      <symbol id="sm-167">
         <name>TI_CAPT_Custom_ALT</name>
         <value>0xc000</value>
         <object_component_ref idref="oc-363"/>
      </symbol>
      <symbol id="sm-168">
         <name>TI_CAPT_Init_Baseline</name>
         <value>0xd344</value>
         <object_component_ref idref="oc-341"/>
      </symbol>
      <symbol id="sm-169">
         <name>TI_CAPT_Update_Baseline</name>
         <value>0xcb8e</value>
         <object_component_ref idref="oc-347"/>
      </symbol>
      <symbol id="sm-16a">
         <name>TI_CAPT_Raw_ALT</name>
         <value>0xd278</value>
         <object_component_ref idref="oc-3a8"/>
      </symbol>
      <symbol id="sm-16b">
         <name>ctsStatusReg</name>
         <value>0x23e</value>
         <object_component_ref idref="oc-3a5"/>
      </symbol>
      <symbol id="sm-16c">
         <name>TI_CAPT_Raw</name>
         <value>0xd310</value>
         <object_component_ref idref="oc-38e"/>
      </symbol>
      <symbol id="sm-18f">
         <name>mujoeCommon_softwareReset</name>
         <value>0xd4c0</value>
         <object_component_ref idref="oc-3cf"/>
      </symbol>
      <symbol id="sm-190">
         <name>mujoeCommon_configClocks</name>
         <value>0xc820</value>
         <object_component_ref idref="oc-2db"/>
      </symbol>
      <symbol id="sm-1ad">
         <name>fuelProbeMgr_updateBaseline</name>
         <value>0xd3b2</value>
         <object_component_ref idref="oc-3c9"/>
      </symbol>
      <symbol id="sm-1ae">
         <name>fuelProbeMgr_initProbe</name>
         <value>0xd372</value>
         <object_component_ref idref="oc-2f4"/>
      </symbol>
      <symbol id="sm-1af">
         <name>fuelProbeMgr_performMeasurement</name>
         <value>0xd0d6</value>
         <object_component_ref idref="oc-30e"/>
      </symbol>
      <symbol id="sm-1e2">
         <name>mspfg_initRegMap</name>
         <value>0xd4a4</value>
         <object_component_ref idref="oc-336"/>
      </symbol>
      <symbol id="sm-1e3">
         <name>mspfgRegMap</name>
         <value>0x20e</value>
         <object_component_ref idref="oc-198"/>
      </symbol>
      <symbol id="sm-1e4">
         <name>mspfg_writeReg</name>
         <value>0xcdb0</value>
         <object_component_ref idref="oc-39d"/>
      </symbol>
      <symbol id="sm-280">
         <name>i2cSlave_contDataCollect</name>
         <value>0xd4dc</value>
         <object_component_ref idref="oc-320"/>
      </symbol>
      <symbol id="sm-281">
         <name>i2cSlave_initDriver</name>
         <value>0xd20c</value>
         <object_component_ref idref="oc-2e8"/>
      </symbol>
      <symbol id="sm-282">
         <name>i2cSlave_initHardware</name>
         <value>0xcff0</value>
         <object_component_ref idref="oc-2ee"/>
      </symbol>
      <symbol id="sm-283">
         <name>__TI_int06</name>
         <value>0xffec</value>
         <object_component_ref idref="oc-44"/>
      </symbol>
      <symbol id="sm-284">
         <name>__TI_int07</name>
         <value>0xffee</value>
         <object_component_ref idref="oc-45"/>
      </symbol>
      <symbol id="sm-285">
         <name>i2cSlave_initInterrupts</name>
         <value>0xd422</value>
         <object_component_ref idref="oc-2fb"/>
      </symbol>
      <symbol id="sm-286">
         <name>i2cSlave_suspendI2cMasterReads</name>
         <value>0xd3fe</value>
         <object_component_ref idref="oc-314"/>
      </symbol>
      <symbol id="sm-287">
         <name>USCIAB0RX_ISR</name>
         <value>0xca82</value>
         <object_component_ref idref="oc-12d"/>
      </symbol>
      <symbol id="sm-288">
         <name>USCIAB0TX_ISR</name>
         <value>0xce12</value>
         <object_component_ref idref="oc-127"/>
      </symbol>
      <symbol id="sm-289">
         <name>i2cSlave_rxdPacketHandler</name>
         <value>0xd460</value>
         <object_component_ref idref="oc-302"/>
      </symbol>
      <symbol id="sm-28a">
         <name>i2cSlave_resumeI2cMasterReads</name>
         <value>0xd3ec</value>
         <object_component_ref idref="oc-31a"/>
      </symbol>
      <symbol id="sm-2c1">
         <name>mspfg_configRegWriteCb</name>
         <value>0xd164</value>
         <object_component_ref idref="oc-3fa"/>
      </symbol>
      <symbol id="sm-2c2">
         <name>i2cTask_evtProcessor</name>
         <value>0xd29a</value>
         <object_component_ref idref="oc-28e"/>
      </symbol>
      <symbol id="sm-2c3">
         <name>mspfg_fuelLvlCritThreshRegWriteCb</name>
         <value>0xd498</value>
         <object_component_ref idref="oc-400"/>
      </symbol>
      <symbol id="sm-2c4">
         <name>mspfg_statusRegWriteCb</name>
         <value>0xd388</value>
         <object_component_ref idref="oc-406"/>
      </symbol>
      <symbol id="sm-2c5">
         <name>i2cTask_taskId</name>
         <value>0x242</value>
         <object_component_ref idref="oc-19c"/>
      </symbol>
      <symbol id="sm-2c6">
         <name>i2cTask_init</name>
         <value>0xd46e</value>
         <object_component_ref idref="oc-232"/>
      </symbol>
      <symbol id="sm-307">
         <name>mainTask_getTaskId</name>
         <value>0xd4e8</value>
         <object_component_ref idref="oc-3bd"/>
      </symbol>
      <symbol id="sm-308">
         <name>mainTask_evtProcessor</name>
         <value>0xd230</value>
         <object_component_ref idref="oc-294"/>
      </symbol>
      <symbol id="sm-309">
         <name>mainTask_init</name>
         <value>0xd48a</value>
         <object_component_ref idref="oc-238"/>
      </symbol>
      <symbol id="sm-36b">
         <name>taskMgr_runSystem</name>
         <value>0xceca</value>
         <object_component_ref idref="oc-1d3"/>
      </symbol>
      <symbol id="sm-36c">
         <name>ISR_Timer0_A0</name>
         <value>0xd1bc</value>
         <object_component_ref idref="oc-133"/>
      </symbol>
      <symbol id="sm-36d">
         <name>__TI_int09</name>
         <value>0xfff2</value>
         <object_component_ref idref="oc-47"/>
      </symbol>
      <symbol id="sm-36e">
         <name>taskMgr_initTasks</name>
         <value>0xd06e</value>
         <object_component_ref idref="oc-1cd"/>
      </symbol>
      <symbol id="sm-36f">
         <name>taskMgr_setEvent</name>
         <value>0xd1e6</value>
         <object_component_ref idref="oc-27b"/>
      </symbol>
      <symbol id="sm-370">
         <name>taskMgr</name>
         <value>0x200</value>
         <object_component_ref idref="oc-19f"/>
      </symbol>
      <symbol id="sm-371">
         <name>taskMgr_setEventEx</name>
         <value>0xcd4c</value>
         <object_component_ref idref="oc-326"/>
      </symbol>
      <symbol id="sm-372">
         <name>taskMgr_clearEvent</name>
         <value>0xd108</value>
         <object_component_ref idref="oc-3e9"/>
      </symbol>
      <symbol id="sm-373">
         <name>taskMgr_clearEventEx</name>
         <value>0xd2f4</value>
         <object_component_ref idref="oc-3c3"/>
      </symbol>
      <symbol id="sm-3c1">
         <name>bspTask_init</name>
         <value>0xd2d8</value>
         <object_component_ref idref="oc-22c"/>
      </symbol>
      <symbol id="sm-3c2">
         <name>bspTask_evtProcessor</name>
         <value>0xd138</value>
         <object_component_ref idref="oc-288"/>
      </symbol>
      <symbol id="sm-3ca">
         <name>_stack</name>
         <value>0x3b0</value>
         <object_component_ref idref="oc-f1"/>
      </symbol>
      <symbol id="sm-3cb">
         <name>_reset_vector</name>
         <value>0xfffe</value>
         <object_component_ref idref="oc-f4"/>
      </symbol>
      <symbol id="sm-3d5">
         <name>_c_int00_noargs_noexit</name>
         <value>0xd32a</value>
         <object_component_ref idref="oc-6b"/>
      </symbol>
      <symbol id="sm-3f3">
         <name>__TI_decompress_lzss</name>
         <value>0xcb12</value>
         <object_component_ref idref="oc-34"/>
      </symbol>
      <symbol id="sm-409">
         <name>__TI_decompress_none</name>
         <value>0xd3da</value>
         <object_component_ref idref="oc-3a"/>
      </symbol>
      <symbol id="sm-41c">
         <name>__TI_zero_init</name>
         <value>0xd39e</value>
         <object_component_ref idref="oc-4d"/>
      </symbol>
      <symbol id="sm-426">
         <name>__mspabi_func_epilog_2</name>
         <value>0xd44c</value>
         <object_component_ref idref="oc-ff"/>
      </symbol>
      <symbol id="sm-427">
         <name>__mspabi_func_epilog_3</name>
         <value>0xd44a</value>
         <object_component_ref idref="oc-ff"/>
      </symbol>
      <symbol id="sm-428">
         <name>__mspabi_func_epilog_1</name>
         <value>0xd44e</value>
         <object_component_ref idref="oc-ff"/>
      </symbol>
      <symbol id="sm-429">
         <name>__mspabi_func_epilog_6</name>
         <value>0xd444</value>
         <object_component_ref idref="oc-ff"/>
      </symbol>
      <symbol id="sm-42a">
         <name>__mspabi_func_epilog_7</name>
         <value>0xd442</value>
         <object_component_ref idref="oc-ff"/>
      </symbol>
      <symbol id="sm-42b">
         <name>__mspabi_func_epilog_4</name>
         <value>0xd448</value>
         <object_component_ref idref="oc-ff"/>
      </symbol>
      <symbol id="sm-42c">
         <name>__mspabi_func_epilog_5</name>
         <value>0xd446</value>
         <object_component_ref idref="oc-ff"/>
      </symbol>
      <symbol id="sm-436">
         <name>C$$EXIT</name>
         <value>0xd4d6</value>
         <object_component_ref idref="oc-16e"/>
      </symbol>
      <symbol id="sm-437">
         <name>abort</name>
         <value>0xd4d6</value>
         <object_component_ref idref="oc-16e"/>
      </symbol>
      <symbol id="sm-44f">
         <name>__mspabi_mpyf</name>
         <value>0xc9be</value>
         <object_component_ref idref="oc-372"/>
      </symbol>
      <symbol id="sm-45e">
         <name>__mspabi_fixfu</name>
         <value>0xcfaa</value>
         <object_component_ref idref="oc-377"/>
      </symbol>
      <symbol id="sm-469">
         <name>__mspabi_fltuf</name>
         <value>0xd254</value>
         <object_component_ref idref="oc-36d"/>
      </symbol>
      <symbol id="sm-46c">
         <name>__TI_int00</name>
         <value>0xffe0</value>
         <object_component_ref idref="oc-40"/>
      </symbol>
      <symbol id="sm-46f">
         <name>__TI_int12</name>
         <value>0xfff8</value>
         <object_component_ref idref="oc-4a"/>
      </symbol>
      <symbol id="sm-472">
         <name>__TI_int13</name>
         <value>0xfffa</value>
         <object_component_ref idref="oc-4b"/>
      </symbol>
      <symbol id="sm-47a">
         <name>__TI_ISR_TRAP</name>
         <value>0xd4b0</value>
         <object_component_ref idref="oc-11c"/>
      </symbol>
      <symbol id="sm-482">
         <name>__mspabi_slli</name>
         <value>0xd190</value>
         <object_component_ref idref="oc-f5"/>
      </symbol>
      <symbol id="sm-483">
         <name>__mspabi_slli_9</name>
         <value>0xd1a8</value>
         <object_component_ref idref="oc-f5"/>
      </symbol>
      <symbol id="sm-484">
         <name>__mspabi_slli_8</name>
         <value>0xd1aa</value>
         <object_component_ref idref="oc-f5"/>
      </symbol>
      <symbol id="sm-485">
         <name>__mspabi_slli_7</name>
         <value>0xd1ac</value>
         <object_component_ref idref="oc-f5"/>
      </symbol>
      <symbol id="sm-486">
         <name>__mspabi_slli_6</name>
         <value>0xd1ae</value>
         <object_component_ref idref="oc-f5"/>
      </symbol>
      <symbol id="sm-487">
         <name>__mspabi_slli_5</name>
         <value>0xd1b0</value>
         <object_component_ref idref="oc-f5"/>
      </symbol>
      <symbol id="sm-488">
         <name>__mspabi_slli_4</name>
         <value>0xd1b2</value>
         <object_component_ref idref="oc-f5"/>
      </symbol>
      <symbol id="sm-489">
         <name>__mspabi_slli_3</name>
         <value>0xd1b4</value>
         <object_component_ref idref="oc-f5"/>
      </symbol>
      <symbol id="sm-48a">
         <name>__mspabi_slli_2</name>
         <value>0xd1b6</value>
         <object_component_ref idref="oc-f5"/>
      </symbol>
      <symbol id="sm-48b">
         <name>__mspabi_slli_1</name>
         <value>0xd1b8</value>
         <object_component_ref idref="oc-f5"/>
      </symbol>
      <symbol id="sm-48c">
         <name>__mspabi_slli_15</name>
         <value>0xd19c</value>
         <object_component_ref idref="oc-f5"/>
      </symbol>
      <symbol id="sm-48d">
         <name>__mspabi_slli_14</name>
         <value>0xd19e</value>
         <object_component_ref idref="oc-f5"/>
      </symbol>
      <symbol id="sm-48e">
         <name>__mspabi_slli_13</name>
         <value>0xd1a0</value>
         <object_component_ref idref="oc-f5"/>
      </symbol>
      <symbol id="sm-48f">
         <name>__mspabi_slli_12</name>
         <value>0xd1a2</value>
         <object_component_ref idref="oc-f5"/>
      </symbol>
      <symbol id="sm-490">
         <name>__mspabi_slli_11</name>
         <value>0xd1a4</value>
         <object_component_ref idref="oc-f5"/>
      </symbol>
      <symbol id="sm-491">
         <name>__mspabi_slli_10</name>
         <value>0xd1a6</value>
         <object_component_ref idref="oc-f5"/>
      </symbol>
      <symbol id="sm-499">
         <name>__mspabi_srli_8</name>
         <value>0xcf42</value>
         <object_component_ref idref="oc-fa"/>
      </symbol>
      <symbol id="sm-49a">
         <name>__mspabi_srli_9</name>
         <value>0xcf3e</value>
         <object_component_ref idref="oc-fa"/>
      </symbol>
      <symbol id="sm-49b">
         <name>__mspabi_srli_6</name>
         <value>0xcf4a</value>
         <object_component_ref idref="oc-fa"/>
      </symbol>
      <symbol id="sm-49c">
         <name>__mspabi_srli_7</name>
         <value>0xcf46</value>
         <object_component_ref idref="oc-fa"/>
      </symbol>
      <symbol id="sm-49d">
         <name>__mspabi_srli_4</name>
         <value>0xcf52</value>
         <object_component_ref idref="oc-fa"/>
      </symbol>
      <symbol id="sm-49e">
         <name>__mspabi_srli_5</name>
         <value>0xcf4e</value>
         <object_component_ref idref="oc-fa"/>
      </symbol>
      <symbol id="sm-49f">
         <name>__mspabi_srli_2</name>
         <value>0xcf5a</value>
         <object_component_ref idref="oc-fa"/>
      </symbol>
      <symbol id="sm-4a0">
         <name>__mspabi_srli_3</name>
         <value>0xcf56</value>
         <object_component_ref idref="oc-fa"/>
      </symbol>
      <symbol id="sm-4a1">
         <name>__mspabi_srli_1</name>
         <value>0xcf5e</value>
         <object_component_ref idref="oc-fa"/>
      </symbol>
      <symbol id="sm-4a2">
         <name>__mspabi_srli</name>
         <value>0xcf18</value>
         <object_component_ref idref="oc-fa"/>
      </symbol>
      <symbol id="sm-4a3">
         <name>__mspabi_srli_15</name>
         <value>0xcf26</value>
         <object_component_ref idref="oc-fa"/>
      </symbol>
      <symbol id="sm-4a4">
         <name>__mspabi_srli_14</name>
         <value>0xcf2a</value>
         <object_component_ref idref="oc-fa"/>
      </symbol>
      <symbol id="sm-4a5">
         <name>__mspabi_srli_13</name>
         <value>0xcf2e</value>
         <object_component_ref idref="oc-fa"/>
      </symbol>
      <symbol id="sm-4a6">
         <name>__mspabi_srli_12</name>
         <value>0xcf32</value>
         <object_component_ref idref="oc-fa"/>
      </symbol>
      <symbol id="sm-4a7">
         <name>__mspabi_srli_11</name>
         <value>0xcf36</value>
         <object_component_ref idref="oc-fa"/>
      </symbol>
      <symbol id="sm-4a8">
         <name>__mspabi_srli_10</name>
         <value>0xcf3a</value>
         <object_component_ref idref="oc-fa"/>
      </symbol>
      <symbol id="sm-4b6">
         <name>memcpy</name>
         <value>0xd410</value>
         <object_component_ref idref="oc-10f"/>
      </symbol>
      <symbol id="sm-4c1">
         <name>__mspabi_mpyi_sw</name>
         <value>0xd3c6</value>
         <object_component_ref idref="oc-1fd"/>
      </symbol>
      <symbol id="sm-4c2">
         <name>__mspabi_mpyi</name>
         <value>0xd3c6</value>
         <object_component_ref idref="oc-1fd"/>
      </symbol>
      <symbol id="sm-4cb">
         <name>_system_pre_init</name>
         <value>0xd4ee</value>
         <object_component_ref idref="oc-146"/>
      </symbol>
      <symbol id="sm-4e9">
         <name>_auto_init</name>
         <value>0xcc04</value>
         <object_component_ref idref="oc-14c"/>
      </symbol>
      <symbol id="sm-4ff">
         <name>copy_in</name>
         <value>0xce70</value>
         <object_component_ref idref="oc-1ab"/>
      </symbol>
      <symbol id="sm-508">
         <name>_system_post_cinit</name>
         <value>0xd4f2</value>
         <object_component_ref idref="oc-1b1"/>
      </symbol>
      <symbol id="sm-50b">
         <name>__TI_BINIT_Base</name>
         <value>0x0</value>
      </symbol>
      <symbol id="sm-50c">
         <name>__TI_BINIT_Limit</name>
         <value>0x0</value>
      </symbol>
      <symbol id="sm-50d">
         <name>__TI_INITARRAY_Base</name>
         <value>0x0</value>
      </symbol>
      <symbol id="sm-50e">
         <name>__TI_INITARRAY_Limit</name>
         <value>0x0</value>
      </symbol>
   </symbol_table>
   <title>Link successful</title>
</link_info>
