******************************************************************************
                  MSP430 Linker PC v16.9.6                     
******************************************************************************
>> Linked Sun Dec 24 11:01:05 2017

OUTPUT FILE NAME:   <MSPFuelGauge.out>
ENTRY POINT SYMBOL: "_c_int00_noargs_noexit"  address: 0000d312


MEMORY CONFIGURATION

         name            origin    length      used     unused   attr    fill
----------------------  --------  ---------  --------  --------  ----  --------
  SFR                   00000000   00000010  00000000  00000010  RWIX
  PERIPHERALS_8BIT      00000010   000000f0  00000000  000000f0  RWIX
  PERIPHERALS_16BIT     00000100   00000100  00000000  00000100  RWIX
  RAM                   00000200   00000200  00000099  00000167  RWIX
  INFOD                 00001000   00000040  00000000  00000040  RWIX
  INFOC                 00001040   00000040  00000000  00000040  RWIX
  INFOB                 00001080   00000040  00000000  00000040  RWIX
  INFOA                 000010c0   00000040  00000000  00000040  RWIX
  FLASH                 0000c000   00003fde  00001516  00002ac8  RWIX
  BSLSIGNATURE          0000ffde   00000002  00000002  00000000  RWIX  ffff 
  INT00                 0000ffe0   00000002  00000002  00000000  RWIX
  INT01                 0000ffe2   00000002  00000000  00000002  RWIX
  INT02                 0000ffe4   00000002  00000002  00000000  RWIX
  INT03                 0000ffe6   00000002  00000002  00000000  RWIX
  INT04                 0000ffe8   00000002  00000000  00000002  RWIX
  INT05                 0000ffea   00000002  00000002  00000000  RWIX
  INT06                 0000ffec   00000002  00000002  00000000  RWIX
  INT07                 0000ffee   00000002  00000002  00000000  RWIX
  INT08                 0000fff0   00000002  00000002  00000000  RWIX
  INT09                 0000fff2   00000002  00000002  00000000  RWIX
  INT10                 0000fff4   00000002  00000002  00000000  RWIX
  INT11                 0000fff6   00000002  00000002  00000000  RWIX
  INT12                 0000fff8   00000002  00000002  00000000  RWIX
  INT13                 0000fffa   00000002  00000002  00000000  RWIX
  INT14                 0000fffc   00000002  00000002  00000000  RWIX
  RESET                 0000fffe   00000002  00000002  00000000  RWIX


SECTION ALLOCATION MAP

 output                                  attributes/
section   page    origin      length       input sections
--------  ----  ----------  ----------   ----------------
.data      0    00000200    00000045     UNINITIALIZED
                  00000200    0000000e     muJoe_taskMgr.obj (.data:taskMgr)
                  0000020e    0000000c     mujoe_i2cRegMap.obj (.data:mspfgRegMap)
                  0000021a    0000000c     mujoe_i2cSlave.obj (.data:rxBuffer)
                  00000226    0000000a     mujoe_i2cSlave.obj (.data:i2cSlaveIsr)
                  00000230    00000006     muJoe_mainTask.obj (.data:fuelProbeMgr)
                  00000236    00000004     mujoe_i2cSlave.obj (.data:i2cSlave)
                  0000023a    00000004     muJoe_taskMgr.obj (.data)
                  0000023e    00000002     CTS_Layer.obj (.data)
                  00000240    00000002     muJoe_mainTask.obj (.data:getFuelProbeMeasurement_sm)
                  00000242    00000001     muJoe_i2cTask.obj (.data)
                  00000243    00000001     muJoe_mainTask.obj (.data)
                  00000244    00000001     mujoe_bspTask.obj (.data)

.bss       0    00000246    00000004     UNINITIALIZED
                  00000246    00000002     (.common:baseCnt)
                  00000248    00000002     (.common:measCnt)

.stack     0    000003b0    00000050     UNINITIALIZED
                  000003b0    00000002     rts430_eabi.lib : boot.obj (.stack)
                  000003b2    0000004e     --HOLE--

.text      0    0000c000    000014c0     
                  0000c000    00000544     CTS_Layer.obj (.text:TI_CAPT_Custom_ALT)
                  0000c544    00000178     CTS_HAL.obj (.text:TI_CTS_RO_PINOSC_TA0_WDTp_HAL_ALT)
                  0000c6bc    00000164     CTS_HAL.obj (.text:TI_CTS_RO_PINOSC_TA0_WDTp_HAL)
                  0000c820    000000da     mujoe_common.obj (.text:mujoeCommon_configClocks)
                  0000c8fa    000000c4     muJoe_mainTask.obj (.text:mainTask_getFuelProbeMeasurement)
                  0000c9be    000000c4     rts430_eabi.lib : fs_mpy.obj (.text)
                  0000ca82    00000090     mujoe_i2cSlave.obj (.text:USCIAB0RX_ISR)
                  0000cb12    0000007c     rts430_eabi.lib : copy_decompress_lzss.obj (.text:decompress:lzss:__TI_decompress_lzss)
                  0000cb8e    00000076     CTS_Layer.obj (.text:TI_CAPT_Update_Baseline)
                  0000cc04    0000006e     rts430_eabi.lib : autoinit.obj (.text:_auto_init)
                  0000cc72    0000006c     mujoe_i2cSlave.obj (.text:i2cSlave_parseRxdPacket)
                  0000ccde    00000064     muJoe_taskMgr.obj (.text:taskMgr_setEventEx)
                  0000cd42    00000062     mujoe_i2cRegMap.obj (.text:mspfg_writeReg)
                  0000cda4    0000005e     mujoe_i2cSlave.obj (.text:USCIAB0TX_ISR)
                  0000ce02    0000005a     rts430_eabi.lib : cpy_tbl.obj (.text:copy_in)
                  0000ce5c    00000056     mujoe_i2cSlave.obj (.text:i2cSlave_handleI2cCommand)
                  0000ceb2    0000004e     muJoe_taskMgr.obj (.text:taskMgr_runSystem)
                  0000cf00    0000004c     rts430_eabi.lib : lsr16.obj (.text)
                  0000cf4c    00000046     mujoe_i2cRegMap.obj (.text:mspfg_dispatchRegWriteHdlr)
                  0000cf92    00000046     rts430_eabi.lib : fs_tou.obj (.text)
                  0000cfd8    00000040     mujoe_i2cSlave.obj (.text:i2cSlave_initHardware)
                  0000d018    0000003e     mujoe_bspTask.obj (.text:configurePeripherals)
                  0000d056    00000034     muJoe_taskMgr.obj (.text:taskMgr_initTasks)
                  0000d08a    00000034     muJoe_taskMgr.obj (.text:taskMgr_updateEventFlags)
                  0000d0be    00000032     mujoe_fuelProbeMgr.obj (.text:fuelProbeMgr_performMeasurement)
                  0000d0f0    00000030     muJoe_taskMgr.obj (.text:taskMgr_clearEvent)
                  0000d120    0000002c     mujoe_bspTask.obj (.text:bspTask_evtProcessor)
                  0000d14c    0000002c     muJoe_i2cTask.obj (.text:mspfg_configRegWriteCb)
                  0000d178    0000002c     rts430_eabi.lib : lsl16.obj (.text)
                  0000d1a4    0000002a     muJoe_taskMgr.obj (.text:ISR_Timer0_A0)
                  0000d1ce    00000026     muJoe_taskMgr.obj (.text:taskMgr_setEvent)
                  0000d1f4    00000024     mujoe_i2cSlave.obj (.text:i2cSlave_initDriver)
                  0000d218    00000024     muJoe_mainTask.obj (.text:mainTask_evtProcessor)
                  0000d23c    00000024     rts430_eabi.lib : fs_utof.obj (.text)
                  0000d260    00000022     CTS_Layer.obj (.text:TI_CAPT_Raw_ALT)
                  0000d282    00000020     muJoe_i2cTask.obj (.text:i2cTask_evtProcessor)
                  0000d2a2    0000001e     mujoe_bspTask.obj (.text:configureClocks)
                  0000d2c0    0000001c     mujoe_bspTask.obj (.text:bspTask_init)
                  0000d2dc    0000001c     muJoe_taskMgr.obj (.text:taskMgr_clearEventEx)
                  0000d2f8    0000001a     CTS_Layer.obj (.text:TI_CAPT_Raw)
                  0000d312    0000001a     rts430_eabi.lib : boot_special.obj (.text:_c_int00_noargs_noexit)
                  0000d32c    00000018     CTS_Layer.obj (.text:TI_CAPT_Init_Baseline)
                  0000d344    00000016     mujoe_bspTask.obj (.text:configureGPIO)
                  0000d35a    00000016     mujoe_fuelProbeMgr.obj (.text:fuelProbeMgr_initProbe)
                  0000d370    00000016     muJoe_i2cTask.obj (.text:mspfg_statusRegWriteCb)
                  0000d386    00000014     rts430_eabi.lib : copy_zero_init.obj (.text:decompress:ZI:__TI_zero_init)
                  0000d39a    00000014                     : mult16.obj (.text)
                  0000d3ae    00000012                     : copy_decompress_none.obj (.text:decompress:none:__TI_decompress_none)
                  0000d3c0    00000012     mujoe_i2cSlave.obj (.text:i2cSlave_resumeI2cMasterReads)
                  0000d3d2    00000012     mujoe_i2cSlave.obj (.text:i2cSlave_suspendI2cMasterReads)
                  0000d3e4    00000012     rts430_eabi.lib : memcpy.obj (.text:memcpy)
                  0000d3f6    00000010     mujoe_i2cSlave.obj (.text:i2cSlave_initInterrupts)
                  0000d406    00000010     main.obj (.text:main)
                  0000d416    00000010     rts430_eabi.lib : epilog.obj (.text)
                  0000d426    0000000e     mujoe_i2cSlave.obj (.text:i2cSlave_prepReceive)
                  0000d434    0000000e     mujoe_i2cSlave.obj (.text:i2cSlave_rxdPacketHandler)
                  0000d442    0000000e     muJoe_i2cTask.obj (.text:i2cTask_init)
                  0000d450    0000000e     mujoe_bspTask.obj (.text:initMCU)
                  0000d45e    0000000e     muJoe_mainTask.obj (.text:mainTask_init)
                  0000d46c    0000000c     muJoe_i2cTask.obj (.text:mspfg_fuelLvlCritThreshRegWriteCb)
                  0000d478    0000000c     mujoe_i2cRegMap.obj (.text:mspfg_initRegMap)
                  0000d484    00000008     rts430_eabi.lib : isr_trap.obj (.text:_isr:__TI_ISR_TRAP)
                  0000d48c    00000008     mujoe_bspTask.obj (.text:bspTask_armInterrupts)
                  0000d494    00000008     CTS_HAL.obj (.text:watchdog_timer)
                  0000d49c    00000006     main.obj (.text:ISR_trap)
                  0000d4a2    00000006     rts430_eabi.lib : exit.obj (.text:abort)
                  0000d4a8    00000006     mujoe_i2cSlave.obj (.text:i2cSlave_contDataCollect)
                  0000d4ae    00000006     muJoe_i2cTask.obj (.text:i2cTask_masterWriteHandler)
                  0000d4b4    00000006     muJoe_mainTask.obj (.text:mainTask_getTaskId)
                  0000d4ba    00000004     rts430_eabi.lib : pre_init.obj (.text:_system_pre_init)
                  0000d4be    00000002                     : startup.obj (.text:_system_post_cinit)

.binit     0    0000c000    00000000     

.const     0    0000d4c0    00000030     
                  0000d4c0    0000000c     mujoe_i2cRegMap.obj (.const:mspfg_regWriteHndls)
                  0000d4cc    0000000a     mujoe_bspTask.obj (.const:$P$T0$1)
                  0000d4d6    0000000a     structure.obj (.const:fuelprobe_element)
                  0000d4e0    0000000a     structure.obj (.const:fuelprobe_sensor)
                  0000d4ea    00000006     muJoe_taskMgr.obj (.const:taskEvtProcesssorArr)

.cinit     0    0000d4f0    00000026     
                  0000d4f0    00000013     (.cinit..data.load) [load image, compression = lzss]
                  0000d503    00000001     --HOLE-- [fill = 0]
                  0000d504    00000006     (__TI_handler_table)
                  0000d50a    00000004     (.cinit..bss.load) [load image, compression = zero_init]
                  0000d50e    00000008     (__TI_cinit_table)

.init_array 
*          0    0000c000    00000000     UNINITIALIZED

TRAPINT    0    0000ffe0    00000002     
                  0000ffe0    00000002     rts430_eabi.lib : int00.obj (.int00)

PORT1      0    0000ffe4    00000002     
                  0000ffe4    00000002     main.obj (.int02)

PORT2      0    0000ffe6    00000002     
                  0000ffe6    00000002     main.obj (.int03)

$fill000   0    0000ffde    00000002     
                  0000ffde    00000002     --HOLE-- [fill = ffff]

ADC10      0    0000ffea    00000002     
                  0000ffea    00000002     main.obj (.int05)

USCIAB0TX 
*          0    0000ffec    00000002     
                  0000ffec    00000002     mujoe_i2cSlave.obj (.int06)

USCIAB0RX 
*          0    0000ffee    00000002     
                  0000ffee    00000002     mujoe_i2cSlave.obj (.int07)

TIMER0_A1 
*          0    0000fff0    00000002     
                  0000fff0    00000002     main.obj (.int08)

TIMER0_A0 
*          0    0000fff2    00000002     
                  0000fff2    00000002     muJoe_taskMgr.obj (.int09)

WDT        0    0000fff4    00000002     
                  0000fff4    00000002     CTS_HAL.obj (.int10)

COMPARATORA 
*          0    0000fff6    00000002     
                  0000fff6    00000002     main.obj (.int11)

TIMER1_A1 
*          0    0000fff8    00000002     
                  0000fff8    00000002     rts430_eabi.lib : int12.obj (.int12)

TIMER1_A0 
*          0    0000fffa    00000002     
                  0000fffa    00000002     rts430_eabi.lib : int13.obj (.int13)

NMI        0    0000fffc    00000002     
                  0000fffc    00000002     main.obj (.int14)

.reset     0    0000fffe    00000002     
                  0000fffe    00000002     rts430_eabi.lib : boot.obj (.reset)

MODULE SUMMARY

       Module                     code   ro data   rw data
       ------                     ----   -------   -------
    .\Application\
       main.obj                   22     12        0      
       structure.obj              0      20        0      
    +--+--------------------------+------+---------+---------+
       Total:                     22     32        0      
                                                          
    .\Library\
       CTS_Layer.obj              1550   0         6      
       CTS_HAL.obj                740    2         0      
    +--+--------------------------+------+---------+---------+
       Total:                     2290   2         6      
                                                          
    .\mujoeDrivers\
       mujoe_i2cSlave.obj         618    4         26     
       mujoe_common.obj           218    0         0      
       mujoe_i2cRegMap.obj        180    12        12     
       mujoe_fuelProbeMgr.obj     72     0         0      
    +--+--------------------------+------+---------+---------+
       Total:                     1088   16        38     
                                                          
    .\mujoeOS\
       muJoe_taskMgr.obj          438    8         18     
       muJoe_mainTask.obj         252    0         9      
       mujoe_bspTask.obj          208    10        1      
       muJoe_i2cTask.obj          130    0         1      
    +--+--------------------------+------+---------+---------+
       Total:                     1028   18        29     
                                                          
    C:\ti\ccsv7\tools\compiler\ti-cgt-msp430_16.9.6.LTS\lib\rts430_eabi.lib
       fs_mpy.obj                 196    0         0      
       copy_decompress_lzss.obj   124    0         0      
       autoinit.obj               110    0         0      
       cpy_tbl.obj                90     0         0      
       lsr16.obj                  76     0         0      
       fs_tou.obj                 70     0         0      
       lsl16.obj                  44     0         0      
       fs_utof.obj                36     0         0      
       boot_special.obj           26     0         0      
       copy_zero_init.obj         20     0         0      
       mult16.obj                 20     0         0      
       copy_decompress_none.obj   18     0         0      
       memcpy.obj                 18     0         0      
       epilog.obj                 16     0         0      
       isr_trap.obj               8      0         0      
       exit.obj                   6      0         0      
       pre_init.obj               4      0         0      
       boot.obj                   0      2         0      
       int00.obj                  0      2         0      
       int12.obj                  0      2         0      
       int13.obj                  0      2         0      
       startup.obj                2      0         0      
    +--+--------------------------+------+---------+---------+
       Total:                     884    8         0      
                                                          
       Stack:                     0      0         80     
       Linker Generated:          0      37        0      
    +--+--------------------------+------+---------+---------+
       Grand Total:               5312   113       153    


LINKER GENERATED COPY TABLES

__TI_cinit_table @ 0000d50e records: 2, size/record: 4, table size: 8
	.data: load addr=0000d4f0, load size=00000013 bytes, run addr=00000200, run size=00000045 bytes, compression=lzss
	.bss: load addr=0000d50a, load size=00000004 bytes, run addr=00000246, run size=00000004 bytes, compression=zero_init


LINKER GENERATED HANDLER TABLE

__TI_handler_table @ 0000d504 records: 3, size/record: 2, table size: 6
	index: 0, handler: __TI_zero_init
	index: 1, handler: __TI_decompress_lzss
	index: 2, handler: __TI_decompress_none


GLOBAL SYMBOLS: SORTED ALPHABETICALLY BY Name 

address   name                             
-------   ----                             
0000004a  ADC10AE0                         
000001b0  ADC10CTL0                        
000001b2  ADC10CTL1                        
00000048  ADC10DTC0                        
00000049  ADC10DTC1                        
000001b4  ADC10MEM                         
000001bc  ADC10SA                          
00000057  BCSCTL1                          
00000058  BCSCTL2                          
00000053  BCSCTL3                          
0000d4a2  C$$EXIT                          
00000059  CACTL1                           
0000005a  CACTL2                           
000010fb  CALBC1_12MHZ                     
000010f9  CALBC1_16MHZ                     
000010ff  CALBC1_1MHZ                      
000010fd  CALBC1_8MHZ                      
000010fa  CALDCO_12MHZ                     
000010f8  CALDCO_16MHZ                     
000010fe  CALDCO_1MHZ                      
000010fc  CALDCO_8MHZ                      
0000005b  CAPD                             
00000056  DCOCTL                           
00000128  FCTL1                            
0000012a  FCTL2                            
0000012c  FCTL3                            
00000000  IE1                              
00000001  IE2                              
00000002  IFG1                             
00000003  IFG2                             
0000d1a4  ISR_Timer0_A0                    
0000d49c  ISR_trap                         
00000022  P1DIR                            
00000025  P1IE                             
00000024  P1IES                            
00000023  P1IFG                            
00000020  P1IN                             
00000021  P1OUT                            
00000027  P1REN                            
00000026  P1SEL                            
00000041  P1SEL2                           
0000002a  P2DIR                            
0000002d  P2IE                             
0000002c  P2IES                            
0000002b  P2IFG                            
00000028  P2IN                             
00000029  P2OUT                            
0000002f  P2REN                            
0000002e  P2SEL                            
00000042  P2SEL2                           
0000001a  P3DIR                            
00000018  P3IN                             
00000019  P3OUT                            
00000010  P3REN                            
0000001b  P3SEL                            
00000043  P3SEL2                           
00000172  TA0CCR0                          
00000174  TA0CCR1                          
00000176  TA0CCR2                          
00000162  TA0CCTL0                         
00000164  TA0CCTL1                         
00000166  TA0CCTL2                         
00000160  TA0CTL                           
0000012e  TA0IV                            
00000170  TA0R                             
00000192  TA1CCR0                          
00000194  TA1CCR1                          
00000196  TA1CCR2                          
00000182  TA1CCTL0                         
00000184  TA1CCTL1                         
00000186  TA1CCTL2                         
00000180  TA1CTL                           
0000011e  TA1IV                            
00000190  TA1R                             
0000c000  TI_CAPT_Custom_ALT               
0000d32c  TI_CAPT_Init_Baseline            
0000d2f8  TI_CAPT_Raw                      
0000d260  TI_CAPT_Raw_ALT                  
0000cb8e  TI_CAPT_Update_Baseline          
0000c6bc  TI_CTS_RO_PINOSC_TA0_WDTp_HAL    
0000c544  TI_CTS_RO_PINOSC_TA0_WDTp_HAL_ALT
000010db  TLV_ADC10_1_LEN                  
000010da  TLV_ADC10_1_TAG                  
000010c0  TLV_CHECKSUM                     
000010f7  TLV_DCO_30_LEN                   
000010f6  TLV_DCO_30_TAG                   
0000005d  UCA0ABCTL                        
00000062  UCA0BR0                          
00000063  UCA0BR1                          
00000060  UCA0CTL0                         
00000061  UCA0CTL1                         
0000005f  UCA0IRRCTL                       
0000005e  UCA0IRTCTL                       
00000064  UCA0MCTL                         
00000066  UCA0RXBUF                        
00000065  UCA0STAT                         
00000067  UCA0TXBUF                        
0000006a  UCB0BR0                          
0000006b  UCB0BR1                          
00000068  UCB0CTL0                         
00000069  UCB0CTL1                         
0000006c  UCB0I2CIE                        
00000118  UCB0I2COA                        
0000011a  UCB0I2CSA                        
0000006e  UCB0RXBUF                        
0000006d  UCB0STAT                         
0000006f  UCB0TXBUF                        
0000ca82  USCIAB0RX_ISR                    
0000cda4  USCIAB0TX_ISR                    
00000120  WDTCTL                           
00000400  __STACK_END                      
00000050  __STACK_SIZE                     
UNDEFED   __TI_BINIT_Base                  
UNDEFED   __TI_BINIT_Limit                 
0000d50e  __TI_CINIT_Base                  
0000d516  __TI_CINIT_Limit                 
0000d504  __TI_Handler_Table_Base          
0000d50a  __TI_Handler_Table_Limit         
UNDEFED   __TI_INITARRAY_Base              
UNDEFED   __TI_INITARRAY_Limit             
0000d484  __TI_ISR_TRAP                    
0000cb12  __TI_decompress_lzss             
0000d3ae  __TI_decompress_none             
0000ffe0  __TI_int00                       
0000ffe4  __TI_int02                       
0000ffe6  __TI_int03                       
0000ffea  __TI_int05                       
0000ffec  __TI_int06                       
0000ffee  __TI_int07                       
0000fff0  __TI_int08                       
0000fff2  __TI_int09                       
0000fff4  __TI_int10                       
0000fff6  __TI_int11                       
0000fff8  __TI_int12                       
0000fffa  __TI_int13                       
0000fffc  __TI_int14                       
ffffffff  __TI_pprof_out_hndl              
ffffffff  __TI_prof_data_size              
ffffffff  __TI_prof_data_start             
0000d386  __TI_zero_init                   
ffffffff  __c_args__                       
0000cf92  __mspabi_fixfu                   
0000d23c  __mspabi_fltuf                   
0000d422  __mspabi_func_epilog_1           
0000d420  __mspabi_func_epilog_2           
0000d41e  __mspabi_func_epilog_3           
0000d41c  __mspabi_func_epilog_4           
0000d41a  __mspabi_func_epilog_5           
0000d418  __mspabi_func_epilog_6           
0000d416  __mspabi_func_epilog_7           
0000c9be  __mspabi_mpyf                    
0000d39a  __mspabi_mpyi                    
0000d39a  __mspabi_mpyi_sw                 
0000d178  __mspabi_slli                    
0000d1a0  __mspabi_slli_1                  
0000d18e  __mspabi_slli_10                 
0000d18c  __mspabi_slli_11                 
0000d18a  __mspabi_slli_12                 
0000d188  __mspabi_slli_13                 
0000d186  __mspabi_slli_14                 
0000d184  __mspabi_slli_15                 
0000d19e  __mspabi_slli_2                  
0000d19c  __mspabi_slli_3                  
0000d19a  __mspabi_slli_4                  
0000d198  __mspabi_slli_5                  
0000d196  __mspabi_slli_6                  
0000d194  __mspabi_slli_7                  
0000d192  __mspabi_slli_8                  
0000d190  __mspabi_slli_9                  
0000cf00  __mspabi_srli                    
0000cf46  __mspabi_srli_1                  
0000cf22  __mspabi_srli_10                 
0000cf1e  __mspabi_srli_11                 
0000cf1a  __mspabi_srli_12                 
0000cf16  __mspabi_srli_13                 
0000cf12  __mspabi_srli_14                 
0000cf0e  __mspabi_srli_15                 
0000cf42  __mspabi_srli_2                  
0000cf3e  __mspabi_srli_3                  
0000cf3a  __mspabi_srli_4                  
0000cf36  __mspabi_srli_5                  
0000cf32  __mspabi_srli_6                  
0000cf2e  __mspabi_srli_7                  
0000cf2a  __mspabi_srli_8                  
0000cf26  __mspabi_srli_9                  
0000cc04  _auto_init                       
0000d312  _c_int00_noargs_noexit           
0000fffe  _reset_vector                    
000003b0  _stack                           
0000d4be  _system_post_cinit               
0000d4ba  _system_pre_init                 
0000d4a2  abort                            
00000246  baseCnt                          
0000d120  bspTask_evtProcessor             
0000d2c0  bspTask_init                     
0000ce02  copy_in                          
0000023e  ctsStatusReg                     
0000d35a  fuelProbeMgr_initProbe           
0000d0be  fuelProbeMgr_performMeasurement  
0000d4d6  fuelprobe_element                
0000d4e0  fuelprobe_sensor                 
0000d4a8  i2cSlave_contDataCollect         
0000d1f4  i2cSlave_initDriver              
0000cfd8  i2cSlave_initHardware            
0000d3f6  i2cSlave_initInterrupts          
0000d3c0  i2cSlave_resumeI2cMasterReads    
0000d434  i2cSlave_rxdPacketHandler        
0000d3d2  i2cSlave_suspendI2cMasterReads   
0000d282  i2cTask_evtProcessor             
0000d442  i2cTask_init                     
00000242  i2cTask_taskId                   
0000d406  main                             
0000d218  mainTask_evtProcessor            
0000d4b4  mainTask_getTaskId               
0000d45e  mainTask_init                    
00000248  measCnt                          
0000d3e4  memcpy                           
0000020e  mspfgRegMap                      
0000d14c  mspfg_configRegWriteCb           
0000d46c  mspfg_fuelLvlCritThreshRegWriteCb
0000d478  mspfg_initRegMap                 
0000d370  mspfg_statusRegWriteCb           
0000cd42  mspfg_writeReg                   
0000c820  mujoeCommon_configClocks         
00000200  taskMgr                          
0000d0f0  taskMgr_clearEvent               
0000d2dc  taskMgr_clearEventEx             
0000d056  taskMgr_initTasks                
0000ceb2  taskMgr_runSystem                
0000d1ce  taskMgr_setEvent                 
0000ccde  taskMgr_setEventEx               
0000d494  watchdog_timer                   


GLOBAL SYMBOLS: SORTED BY Symbol Address 

address   name                             
-------   ----                             
00000000  IE1                              
00000001  IE2                              
00000002  IFG1                             
00000003  IFG2                             
00000010  P3REN                            
00000018  P3IN                             
00000019  P3OUT                            
0000001a  P3DIR                            
0000001b  P3SEL                            
00000020  P1IN                             
00000021  P1OUT                            
00000022  P1DIR                            
00000023  P1IFG                            
00000024  P1IES                            
00000025  P1IE                             
00000026  P1SEL                            
00000027  P1REN                            
00000028  P2IN                             
00000029  P2OUT                            
0000002a  P2DIR                            
0000002b  P2IFG                            
0000002c  P2IES                            
0000002d  P2IE                             
0000002e  P2SEL                            
0000002f  P2REN                            
00000041  P1SEL2                           
00000042  P2SEL2                           
00000043  P3SEL2                           
00000048  ADC10DTC0                        
00000049  ADC10DTC1                        
0000004a  ADC10AE0                         
00000050  __STACK_SIZE                     
00000053  BCSCTL3                          
00000056  DCOCTL                           
00000057  BCSCTL1                          
00000058  BCSCTL2                          
00000059  CACTL1                           
0000005a  CACTL2                           
0000005b  CAPD                             
0000005d  UCA0ABCTL                        
0000005e  UCA0IRTCTL                       
0000005f  UCA0IRRCTL                       
00000060  UCA0CTL0                         
00000061  UCA0CTL1                         
00000062  UCA0BR0                          
00000063  UCA0BR1                          
00000064  UCA0MCTL                         
00000065  UCA0STAT                         
00000066  UCA0RXBUF                        
00000067  UCA0TXBUF                        
00000068  UCB0CTL0                         
00000069  UCB0CTL1                         
0000006a  UCB0BR0                          
0000006b  UCB0BR1                          
0000006c  UCB0I2CIE                        
0000006d  UCB0STAT                         
0000006e  UCB0RXBUF                        
0000006f  UCB0TXBUF                        
00000118  UCB0I2COA                        
0000011a  UCB0I2CSA                        
0000011e  TA1IV                            
00000120  WDTCTL                           
00000128  FCTL1                            
0000012a  FCTL2                            
0000012c  FCTL3                            
0000012e  TA0IV                            
00000160  TA0CTL                           
00000162  TA0CCTL0                         
00000164  TA0CCTL1                         
00000166  TA0CCTL2                         
00000170  TA0R                             
00000172  TA0CCR0                          
00000174  TA0CCR1                          
00000176  TA0CCR2                          
00000180  TA1CTL                           
00000182  TA1CCTL0                         
00000184  TA1CCTL1                         
00000186  TA1CCTL2                         
00000190  TA1R                             
00000192  TA1CCR0                          
00000194  TA1CCR1                          
00000196  TA1CCR2                          
000001b0  ADC10CTL0                        
000001b2  ADC10CTL1                        
000001b4  ADC10MEM                         
000001bc  ADC10SA                          
00000200  taskMgr                          
0000020e  mspfgRegMap                      
0000023e  ctsStatusReg                     
00000242  i2cTask_taskId                   
00000246  baseCnt                          
00000248  measCnt                          
000003b0  _stack                           
00000400  __STACK_END                      
000010c0  TLV_CHECKSUM                     
000010da  TLV_ADC10_1_TAG                  
000010db  TLV_ADC10_1_LEN                  
000010f6  TLV_DCO_30_TAG                   
000010f7  TLV_DCO_30_LEN                   
000010f8  CALDCO_16MHZ                     
000010f9  CALBC1_16MHZ                     
000010fa  CALDCO_12MHZ                     
000010fb  CALBC1_12MHZ                     
000010fc  CALDCO_8MHZ                      
000010fd  CALBC1_8MHZ                      
000010fe  CALDCO_1MHZ                      
000010ff  CALBC1_1MHZ                      
0000c000  TI_CAPT_Custom_ALT               
0000c544  TI_CTS_RO_PINOSC_TA0_WDTp_HAL_ALT
0000c6bc  TI_CTS_RO_PINOSC_TA0_WDTp_HAL    
0000c820  mujoeCommon_configClocks         
0000c9be  __mspabi_mpyf                    
0000ca82  USCIAB0RX_ISR                    
0000cb12  __TI_decompress_lzss             
0000cb8e  TI_CAPT_Update_Baseline          
0000cc04  _auto_init                       
0000ccde  taskMgr_setEventEx               
0000cd42  mspfg_writeReg                   
0000cda4  USCIAB0TX_ISR                    
0000ce02  copy_in                          
0000ceb2  taskMgr_runSystem                
0000cf00  __mspabi_srli                    
0000cf0e  __mspabi_srli_15                 
0000cf12  __mspabi_srli_14                 
0000cf16  __mspabi_srli_13                 
0000cf1a  __mspabi_srli_12                 
0000cf1e  __mspabi_srli_11                 
0000cf22  __mspabi_srli_10                 
0000cf26  __mspabi_srli_9                  
0000cf2a  __mspabi_srli_8                  
0000cf2e  __mspabi_srli_7                  
0000cf32  __mspabi_srli_6                  
0000cf36  __mspabi_srli_5                  
0000cf3a  __mspabi_srli_4                  
0000cf3e  __mspabi_srli_3                  
0000cf42  __mspabi_srli_2                  
0000cf46  __mspabi_srli_1                  
0000cf92  __mspabi_fixfu                   
0000cfd8  i2cSlave_initHardware            
0000d056  taskMgr_initTasks                
0000d0be  fuelProbeMgr_performMeasurement  
0000d0f0  taskMgr_clearEvent               
0000d120  bspTask_evtProcessor             
0000d14c  mspfg_configRegWriteCb           
0000d178  __mspabi_slli                    
0000d184  __mspabi_slli_15                 
0000d186  __mspabi_slli_14                 
0000d188  __mspabi_slli_13                 
0000d18a  __mspabi_slli_12                 
0000d18c  __mspabi_slli_11                 
0000d18e  __mspabi_slli_10                 
0000d190  __mspabi_slli_9                  
0000d192  __mspabi_slli_8                  
0000d194  __mspabi_slli_7                  
0000d196  __mspabi_slli_6                  
0000d198  __mspabi_slli_5                  
0000d19a  __mspabi_slli_4                  
0000d19c  __mspabi_slli_3                  
0000d19e  __mspabi_slli_2                  
0000d1a0  __mspabi_slli_1                  
0000d1a4  ISR_Timer0_A0                    
0000d1ce  taskMgr_setEvent                 
0000d1f4  i2cSlave_initDriver              
0000d218  mainTask_evtProcessor            
0000d23c  __mspabi_fltuf                   
0000d260  TI_CAPT_Raw_ALT                  
0000d282  i2cTask_evtProcessor             
0000d2c0  bspTask_init                     
0000d2dc  taskMgr_clearEventEx             
0000d2f8  TI_CAPT_Raw                      
0000d312  _c_int00_noargs_noexit           
0000d32c  TI_CAPT_Init_Baseline            
0000d35a  fuelProbeMgr_initProbe           
0000d370  mspfg_statusRegWriteCb           
0000d386  __TI_zero_init                   
0000d39a  __mspabi_mpyi                    
0000d39a  __mspabi_mpyi_sw                 
0000d3ae  __TI_decompress_none             
0000d3c0  i2cSlave_resumeI2cMasterReads    
0000d3d2  i2cSlave_suspendI2cMasterReads   
0000d3e4  memcpy                           
0000d3f6  i2cSlave_initInterrupts          
0000d406  main                             
0000d416  __mspabi_func_epilog_7           
0000d418  __mspabi_func_epilog_6           
0000d41a  __mspabi_func_epilog_5           
0000d41c  __mspabi_func_epilog_4           
0000d41e  __mspabi_func_epilog_3           
0000d420  __mspabi_func_epilog_2           
0000d422  __mspabi_func_epilog_1           
0000d434  i2cSlave_rxdPacketHandler        
0000d442  i2cTask_init                     
0000d45e  mainTask_init                    
0000d46c  mspfg_fuelLvlCritThreshRegWriteCb
0000d478  mspfg_initRegMap                 
0000d484  __TI_ISR_TRAP                    
0000d494  watchdog_timer                   
0000d49c  ISR_trap                         
0000d4a2  C$$EXIT                          
0000d4a2  abort                            
0000d4a8  i2cSlave_contDataCollect         
0000d4b4  mainTask_getTaskId               
0000d4ba  _system_pre_init                 
0000d4be  _system_post_cinit               
0000d4d6  fuelprobe_element                
0000d4e0  fuelprobe_sensor                 
0000d504  __TI_Handler_Table_Base          
0000d50a  __TI_Handler_Table_Limit         
0000d50e  __TI_CINIT_Base                  
0000d516  __TI_CINIT_Limit                 
0000ffe0  __TI_int00                       
0000ffe4  __TI_int02                       
0000ffe6  __TI_int03                       
0000ffea  __TI_int05                       
0000ffec  __TI_int06                       
0000ffee  __TI_int07                       
0000fff0  __TI_int08                       
0000fff2  __TI_int09                       
0000fff4  __TI_int10                       
0000fff6  __TI_int11                       
0000fff8  __TI_int12                       
0000fffa  __TI_int13                       
0000fffc  __TI_int14                       
0000fffe  _reset_vector                    
ffffffff  __TI_pprof_out_hndl              
ffffffff  __TI_prof_data_size              
ffffffff  __TI_prof_data_start             
ffffffff  __c_args__                       
UNDEFED   __TI_BINIT_Base                  
UNDEFED   __TI_BINIT_Limit                 
UNDEFED   __TI_INITARRAY_Base              
UNDEFED   __TI_INITARRAY_Limit             

[232 symbols]
